Archive member included because of file (symbol)

c:/program files/microchip/xc32/v1.21/bin/../lib/gcc/pic32mx/4.5.2/../../../../pic32mx/lib/size\libmchp_peripheral.a(open_core_timer_lib.o)
                              build/default/debug/_ext/365611741/system_services.o (OpenCoreTimer)
c:/program files/microchip/xc32/v1.21/bin/../lib/gcc/pic32mx/4.5.2/../../../../pic32mx/lib/size\libmchp_peripheral_32MX795F512L.a(eth_ack_packet_lib.o)
                              build/default/debug/_ext/427700826/eth_pic32_int_mac.o (EthRxAcknowledgeBuffer)
c:/program files/microchip/xc32/v1.21/bin/../lib/gcc/pic32mx/4.5.2/../../../../pic32mx/lib/size\libmchp_peripheral_32MX795F512L.a(eth_close_lib.o)
                              build/default/debug/_ext/427700826/eth_pic32_int_mac.o (EthClose)
c:/program files/microchip/xc32/v1.21/bin/../lib/gcc/pic32mx/4.5.2/../../../../pic32mx/lib/size\libmchp_peripheral_32MX795F512L.a(eth_descriptors_add_lib.o)
                              build/default/debug/_ext/427700826/eth_pic32_int_mac.o (EthDescriptorsPoolAdd)
c:/program files/microchip/xc32/v1.21/bin/../lib/gcc/pic32mx/4.5.2/../../../../pic32mx/lib/size\libmchp_peripheral_32MX795F512L.a(eth_descriptors_remove_lib.o)
                              build/default/debug/_ext/427700826/eth_pic32_int_mac.o (EthDescriptorsPoolCleanUp)
c:/program files/microchip/xc32/v1.21/bin/../lib/gcc/pic32mx/4.5.2/../../../../pic32mx/lib/size\libmchp_peripheral_32MX795F512L.a(eth_events_lib.o)
                              build/default/debug/_ext/427700826/mac_events_pic32.o (EthEventsEnableSet)
c:/program files/microchip/xc32/v1.21/bin/../lib/gcc/pic32mx/4.5.2/../../../../pic32mx/lib/size\libmchp_peripheral_32MX795F512L.a(eth_init_lib.o)
                              build/default/debug/_ext/427700826/eth_pic32_int_mac.o (EthInit)
c:/program files/microchip/xc32/v1.21/bin/../lib/gcc/pic32mx/4.5.2/../../../../pic32mx/lib/size\libmchp_peripheral_32MX795F512L.a(eth_mac_open_lib.o)
                              build/default/debug/_ext/427700826/eth_pic32_int_mac.o (EthMACOpen)
c:/program files/microchip/xc32/v1.21/bin/../lib/gcc/pic32mx/4.5.2/../../../../pic32mx/lib/size\libmchp_peripheral_32MX795F512L.a(eth_mac_set_address_max_lib.o)
                              build/default/debug/_ext/427700826/eth_pic32_int_mac.o (EthMACSetAddress)
c:/program files/microchip/xc32/v1.21/bin/../lib/gcc/pic32mx/4.5.2/../../../../pic32mx/lib/size\libmchp_peripheral_32MX795F512L.a(eth_rx_buffers_append_lib.o)
                              build/default/debug/_ext/427700826/eth_pic32_int_mac.o (EthRxBuffersAppend)
c:/program files/microchip/xc32/v1.21/bin/../lib/gcc/pic32mx/4.5.2/../../../../pic32mx/lib/size\libmchp_peripheral_32MX795F512L.a(eth_rx_filters_lib.o)
                              build/default/debug/_ext/427700826/eth_pic32_int_mac.o (EthRxFiltersSet)
c:/program files/microchip/xc32/v1.21/bin/../lib/gcc/pic32mx/4.5.2/../../../../pic32mx/lib/size\libmchp_peripheral_32MX795F512L.a(eth_rx_get_packet_lib.o)
                              build/default/debug/_ext/427700826/eth_pic32_int_mac.o (EthRxGetBuffer)
c:/program files/microchip/xc32/v1.21/bin/../lib/gcc/pic32mx/4.5.2/../../../../pic32mx/lib/size\libmchp_peripheral_32MX795F512L.a(eth_rx_set_buffer_size_lib.o)
                              build/default/debug/_ext/427700826/eth_pic32_int_mac.o (EthRxSetBufferSize)
c:/program files/microchip/xc32/v1.21/bin/../lib/gcc/pic32mx/4.5.2/../../../../pic32mx/lib/size\libmchp_peripheral_32MX795F512L.a(eth_tx_packet_lib.o)
                              build/default/debug/_ext/427700826/eth_pic32_int_mac.o (EthTxSendBuffer)
c:/program files/microchip/xc32/v1.21/bin/../lib/gcc/pic32mx/4.5.2/../../../../pic32mx/lib/size\libmchp_peripheral_32MX795F512L.a(_eth_append_busy_list_lib.o)
                              c:/program files/microchip/xc32/v1.21/bin/../lib/gcc/pic32mx/4.5.2/../../../../pic32mx/lib/size\libmchp_peripheral_32MX795F512L.a(eth_ack_packet_lib.o) (_EthAppendBusyList)
c:/program files/microchip/xc32/v1.21/bin/../lib/gcc/pic32mx/4.5.2/../../../../pic32mx/lib/size\libmchp_peripheral_32MX795F512L.a(eth_miim_access.o)
                              build/default/debug/_ext/427700826/eth_pic32_ext_phy.o (EthMIIMReadStart)
c:/program files/microchip/xc32/v1.21/bin/../lib/gcc/pic32mx/4.5.2/../../../../pic32mx/lib/size\libmchp_peripheral_32MX795F512L.a(soft_reset_lib.o)
                              build/default/debug/_ext/365611741/system_services.o (SoftReset)
c:/program files/microchip/xc32/v1.21/bin/../lib/gcc/pic32mx/4.5.2/../../../../pic32mx/lib/size\libmchp_peripheral_32MX795F512L.a(pcache.o)
                              build/default/debug/_ext/365611741/system_services.o (CheKseg0CacheOn)
c:/program files/microchip/xc32/v1.21/bin/../lib/gcc/pic32mx/4.5.2/../../../../pic32mx/lib/size\libmchp_peripheral_32MX795F512L.a(int_disable_interrupts_lib.o)
[...]
Memory Configuration

Name             Origin             Length             Attributes
kseg0_program_mem 0x9d000000         0x00080000         xr
kseg0_boot_mem   0x9fc00490         0x00000970
exception_mem    0x9fc01000         0x00001000
kseg1_boot_mem   0xbfc00000         0x00000490
debug_exec_mem   0xbfc02000         0x00000ff0
config3          0xbfc02ff0         0x00000004
config2          0xbfc02ff4         0x00000004
config1          0xbfc02ff8         0x00000004
config0          0xbfc02ffc         0x00000004
kseg1_data_mem   0xa0000000         0x00020000         w !x
sfrs             0xbf800000         0x00100000
configsfrs       0xbfc02ff0         0x00000010
*default*        0x00000000         0xffffffff

Linker script and memory map

LOAD c:/program files/microchip/xc32/v1.21/bin/../lib/gcc/pic32mx/4.5.2/../../../../pic32mx/lib/size/crt0.o
                0x00000001                _DEBUGGER = 0x1
LOAD build/default/debug/_ext/979510709/bsp.o
LOAD build/default/debug/_ext/101875047/lfsr.o
LOAD build/default/debug/_ext/101875047/hashes.o
LOAD build/default/debug/_ext/101875047/big_int.o
LOAD build/default/debug/_ext/101875047/big_int_helper_c32.o
LOAD build/default/debug/_ext/101875047/helpers.o
LOAD build/default/debug/_ext/1472/berkeley_tcp_client_demo.o
LOAD build/default/debug/_ext/1472/berkeley_tcp_server_demo.o
LOAD build/default/debug/_ext/1472/berkeley_udp_client_demo.o
LOAD build/default/debug/_ext/1472/generic_tcp_client.o
LOAD build/default/debug/_ext/1472/generic_tcp_server.o
LOAD build/default/debug/_ext/1472/ping_demo.o
LOAD build/default/debug/_ext/1472/smtp_demo.o
LOAD build/default/debug/_ext/365611741/system_services.o
LOAD build/default/debug/_ext/365611741/system_debug.o
LOAD build/default/debug/_ext/365611741/system_random.o
LOAD build/default/debug/_ext/365611741/system_command.o
LOAD build/default/debug/_ext/365611741/system_userio.o
LOAD build/default/debug/_ext/97638081/sys_fs.o
LOAD build/default/debug/_ext/97638081/mpfs2.o
LOAD build/default/debug/_ext/792872985/usart.o
LOAD build/default/debug/_ext/792872985/lcd.o
LOAD build/default/debug/_ext/792872985/drv_spi.o
LOAD build/default/debug/_ext/792872985/db_appio.o
LOAD build/default/debug/_ext/792872985/spi_ram.o
LOAD build/default/debug/_ext/792872985/spi_eeprom.o
LOAD build/default/debug/_ext/792872985/spi_flash.o
LOAD build/default/debug/_ext/792872985/drv_media.o
LOAD build/default/debug/_ext/427700826/tcpip_announce.o
LOAD build/default/debug/_ext/427700826/http2.o
LOAD build/default/debug/_ext/427700826/arcfour.o
LOAD build/default/debug/_ext/427700826/arp.o
LOAD build/default/debug/_ext/427700826/berkeley_api.o
LOAD build/default/debug/_ext/427700826/dhcp.o
LOAD build/default/debug/_ext/427700826/dhcps.o
LOAD build/default/debug/_ext/427700826/dns.o
LOAD build/default/debug/_ext/427700826/dnss.o
LOAD build/default/debug/_ext/427700826/dyn_dns.o
LOAD build/default/debug/_ext/427700826/enc28_mac.o
LOAD build/default/debug/_ext/427700826/enc28j60.o
LOAD build/default/debug/_ext/427700826/encs24j600.o
LOAD build/default/debug/_ext/427700826/encx24_mac.o
LOAD build/default/debug/_ext/427700826/eth_pic32_ext_phy.o
LOAD build/default/debug/_ext/427700826/eth_pic32_ext_phy_dp83848.o
LOAD build/default/debug/_ext/427700826/eth_pic32_int_mac.o
LOAD build/default/debug/_ext/427700826/ftp.o
LOAD build/default/debug/_ext/427700826/hash_fnv.o
LOAD build/default/debug/_ext/427700826/hash_tbl.o
LOAD build/default/debug/_ext/427700826/icmp.o
LOAD build/default/debug/_ext/427700826/icmpv6.o
LOAD build/default/debug/_ext/427700826/ipv4.o
LOAD build/default/debug/_ext/427700826/ipv6.o
LOAD build/default/debug/_ext/427700826/mac_events_pic32.o
LOAD build/default/debug/_ext/427700826/nbns.o
LOAD build/default/debug/_ext/427700826/ndp.o
LOAD build/default/debug/_ext/427700826/tcpip_reboot.o
LOAD build/default/debug/_ext/427700826/rsa.o
LOAD build/default/debug/_ext/427700826/smtp.o
LOAD build/default/debug/_ext/427700826/snmp.o
LOAD build/default/debug/_ext/427700826/snmpv3.o
LOAD build/default/debug/_ext/427700826/snmpv3_usm.o
LOAD build/default/debug/_ext/427700826/sntp.o
LOAD build/default/debug/_ext/427700826/ssl.o
LOAD build/default/debug/_ext/427700826/tcp.o
LOAD build/default/debug/_ext/427700826/tcpip_heap_alloc.o
LOAD build/default/debug/_ext/427700826/tcpip_storage.o
LOAD build/default/debug/_ext/427700826/telnet.o
LOAD build/default/debug/_ext/427700826/tftpc.o
LOAD build/default/debug/_ext/427700826/udp.o
LOAD build/default/debug/_ext/427700826/tcpip_mac_object.o
LOAD build/default/debug/_ext/427700826/tcpip_manager.o
LOAD build/default/debug/_ext/427700826/tcpip_helpers.o
LOAD build/default/debug/_ext/427700826/tcpip_commands.o
LOAD build/default/debug/_ext/427700826/iperf.o
LOAD build/default/debug/_ext/427700826/tcpip_helper_c32.o
LOAD build/default/debug/_ext/427700826/tcpip_notify.o
LOAD build/default/debug/_ext/427700826/zero_conf_helper.o
LOAD build/default/debug/_ext/427700826/zero_conf_link_local.o
LOAD build/default/debug/_ext/427700826/zero_conf_multicast_dns.o
LOAD build/default/debug/_ext/334706090/wf_tx_power.o
LOAD build/default/debug/_ext/334706090/wf_connect.o
LOAD build/default/debug/_ext/334706090/wf_connection_algorithm.o
LOAD build/default/debug/_ext/334706090/wf_connection_manager.o
LOAD build/default/debug/_ext/334706090/wf_connection_profile.o
LOAD build/default/debug/_ext/334706090/wf_easy_config.o
LOAD build/default/debug/_ext/334706090/wf_eint.o
LOAD build/default/debug/_ext/334706090/wf_event_handler.o
LOAD build/default/debug/_ext/334706090/wf_init.o
LOAD build/default/debug/_ext/334706090/wf_power_save.o
LOAD build/default/debug/_ext/334706090/wf_scan.o
LOAD build/default/debug/_ext/334706090/wf_spi.o
LOAD build/default/debug/_ext/334706090/mrf24w_mac_pic32.o
LOAD build/default/debug/_ext/334706090/mrf24w_events.o
LOAD build/default/debug/_ext/334706090/wf_debug_output.o
LOAD build/default/debug/_ext/334706090/wf_commands.o
LOAD build/default/debug/_ext/334706090/wf_pbkdf2.o
LOAD build/default/debug/_ext/334706090/wf_driver_com_24g.o
LOAD build/default/debug/_ext/334706090/wf_driver_raw_24g.o
LOAD build/default/debug/_ext/334706090/wf_mac_24g.o
LOAD build/default/debug/_ext/334706090/wf_mgmt_msg_24g.o
LOAD build/default/debug/_ext/334706090/wf_param_msg_24g.o
LOAD build/default/debug/_ext/334706090/wf_configData.o
LOAD build/default/debug/_ext/1472/main_demo.o
LOAD build/default/debug/_ext/1472/custom_snmp_app.o
LOAD build/default/debug/_ext/1472/custom_ssl_cert.o
LOAD build/default/debug/_ext/1472/mpfs_img2.o
LOAD build/default/debug/_ext/1472/wf_config.o
LOAD build/default/debug/_ext/1472/custom_http_app.o
                0x00000001                __MPLAB_BUILD = 0x1
                0x00000001                __ICD2RAM = 0x1
                0x00000001                __MPLAB_DEBUG = 0x1
                0x00000001                __DEBUG = 0x1
                0x00000001                __MPLAB_DEBUGGER_PIC32MXSK = 0x1
                0x0000a3e8                _min_heap_size = 0xa3e8
                0x00000800                _min_stack_size = 0x800
LOAD c:/program files/microchip/xc32/v1.21/bin/../lib/gcc/pic32mx/4.5.2/../../../../pic32mx/lib/./proc/32MX795F512L\default_isr_vectors.o
                0x00000400                PROVIDE (_min_stack_size, 0x400)
LOAD c:/program files/microchip/xc32/v1.21/bin/../lib/gcc/pic32mx/4.5.2/../../../../pic32mx/lib/./proc/32MX795F512L\processor.o
START GROUP
LOAD c:/program files/microchip/xc32/v1.21/bin/../lib/gcc/pic32mx/4.5.2/../../../../pic32mx/lib/size\libmchp_peripheral.a
END GROUP
START GROUP
LOAD c:/program files/microchip/xc32/v1.21/bin/../lib/gcc/pic32mx/4.5.2/../../../../pic32mx/lib/size\libmchp_peripheral_32MX795F512L.a
END GROUP
                0x00000001                PROVIDE (_vector_spacing, 0x1)
                0x9fc01000                _ebase_address = 0x9fc01000
                0xbfc00000                _RESET_ADDR = 0xbfc00000
                0xbfc00380                _BEV_EXCPT_ADDR = 0xbfc00380
                0xbfc00480                _DBG_EXCPT_ADDR = 0xbfc00480
                0xbfc02000                _DBG_CODE_ADDR = 0xbfc02000
                0x00000ff0                _DBG_CODE_SIZE = 0xff0
                0x9fc01180                _GEN_EXCPT_ADDR = (_ebase_address + 0x180)

.config_BFC02FF0
                0xbfc02ff0        0x4
 *(.config_BFC02FF0)
 .config_BFC02FF0
                0xbfc02ff0        0x4 build/default/debug/_ext/979510709/bsp.o

.config_BFC02FF4
                0xbfc02ff4        0x4
 *(.config_BFC02FF4)
 .config_BFC02FF4
                0xbfc02ff4        0x4 build/default/debug/_ext/979510709/bsp.o

.config_BFC02FF8
                0xbfc02ff8        0x4
 *(.config_BFC02FF8)
 .config_BFC02FF8
                0xbfc02ff8        0x4 build/default/debug/_ext/979510709/bsp.o

.config_BFC02FFC
                0xbfc02ffc        0x4
 *(.config_BFC02FFC)
 .config_BFC02FFC
                0xbfc02ffc        0x4 build/default/debug/_ext/979510709/bsp.o
                0xbfc02000                PROVIDE (_DBG_CODE_ADDR, 0xbfc02000)
                0x00000ff0                PROVIDE (_DBG_CODE_SIZE, 0xff0)

.reset          0xbfc00000      0x1f4
 *(.reset)
 .reset         0xbfc00000       0x10 c:/program files/microchip/xc32/v1.21/bin/../lib/gcc/pic32mx/4.5.2/../../../../pic32mx/lib/size/crt0.o
                0xbfc00000                _reset
 *(.reset.startup)
 .reset.startup
                0xbfc00010      0x1e4 c:/program files/microchip/xc32/v1.21/bin/../lib/gcc/pic32mx/4.5.2/../../../../pic32mx/lib/size/crt0.o

.bev_excpt      0xbfc00380       0x10
 *(.bev_handler)
 .bev_handler   0xbfc00380       0x10 c:/program files/microchip/xc32/v1.21/bin/../lib/gcc/pic32mx/4.5.2/../../../../pic32mx/lib/size/crt0.o

.dbg_excpt      0xbfc00480        0x8
                0xbfc00480                . = (. + DEFINED (_DEBUGGER)?0x8:0x0)
 *fill*         0xbfc00480        0x8 00

.dbg_code       0xbfc02000      0xff0
                0xbfc02000                . = (. + DEFINED (_DEBUGGER)?_DBG_CODE_SIZE:0x0)
 *fill*         0xbfc02000      0xff0 00

.app_excpt      0x9fc01180       0x10
 *(.gen_handler)
 .gen_handler   0x9fc01180       0x10 c:/program files/microchip/xc32/v1.21/bin/../lib/gcc/pic32mx/4.5.2/../../../../pic32mx/lib/size/crt0.o

.vector_0       0x9fc01200        0x8
 *(.vector_0)
 .vector_0      0x9fc01200        0x8 build/default/debug/_ext/365611741/system_services.o
                0x9fc01200                __vector_dispatch_0
                0x00000001                ASSERT (((_vector_spacing == 0x0) || (SIZEOF (.vector_0) <= (_vector_spacing << 0x5))), function at exception vector 0 too large)

.vector_1       0x9fc01220        0x8
 *(.vector_1)
 .vector_1      0x9fc01220        0x8 c:/program files/microchip/xc32/v1.21/bin/../lib/gcc/pic32mx/4.5.2/../../../../pic32mx/lib/size\libpic32.a(vector1.o)
                0x9fc01220                __vector_dispatch_1
                0x00000001                ASSERT (((_vector_spacing == 0x0) || (SIZEOF (.vector_1) <= (_vector_spacing << 0x5))), function at exception vector 1 too large)

.vector_2       0x9fc01240        0x8
 *(.vector_2)
 .vector_2      0x9fc01240        0x8 c:/program files/microchip/xc32/v1.21/bin/../lib/gcc/pic32mx/4.5.2/../../../../pic32mx/lib/size\libpic32.a(vector2.o)
                0x9fc01240                __vector_dispatch_2
                0x00000001                ASSERT (((_vector_spacing == 0x0) || (SIZEOF (.vector_2) <= (_vector_spacing << 0x5))), function at exception vector 2 too large)

.vector_3       0x9fc01260        0x8
 *(.vector_3)
 .vector_3      0x9fc01260        0x8 c:/program files/microchip/xc32/v1.21/bin/../lib/gcc/pic32mx/4.5.2/../../../../pic32mx/lib/size\libpic32.a(vector3.o)
                0x9fc01260                __vector_dispatch_3
                0x00000001                ASSERT (((_vector_spacing == 0x0) || (SIZEOF (.vector_3) <= (_vector_spacing << 0x5))), function at exception vector 3 too large)

.vector_4       0x9fc01280        0x8
 *(.vector_4)
 .vector_4      0x9fc01280        0x8 c:/program files/microchip/xc32/v1.21/bin/../lib/gcc/pic32mx/4.5.2/../../../../pic32mx/lib/size\libpic32.a(vector4.o)
                0x9fc01280                __vector_dispatch_4
                0x00000001                ASSERT (((_vector_spacing == 0x0) || (SIZEOF (.vector_4) <= (_vector_spacing << 0x5))), function at exception vector 4 too large)

.vector_5       0x9fc012a0        0x8
 *(.vector_5)
 .vector_5      0x9fc012a0        0x8 c:/program files/microchip/xc32/v1.21/bin/../lib/gcc/pic32mx/4.5.2/../../../../pic32mx/lib/size\libpic32.a(vector5.o)
                0x9fc012a0                __vector_dispatch_5
                0x00000001                ASSERT (((_vector_spacing == 0x0) || (SIZEOF (.vector_5) <= (_vector_spacing << 0x5))), function at exception vector 5 too large)

.vector_6       0x9fc012c0        0x8
 *(.vector_6)
 .vector_6      0x9fc012c0        0x8 c:/program files/microchip/xc32/v1.21/bin/../lib/gcc/pic32mx/4.5.2/../../../../pic32mx/lib/size\libpic32.a(vector6.o)
                0x9fc012c0                __vector_dispatch_6
                0x00000001                ASSERT (((_vector_spacing == 0x0) || (SIZEOF (.vector_6) <= (_vector_spacing << 0x5))), function at exception vector 6 too large)

.vector_7       0x9fc012e0        0x8
 *(.vector_7)
 .vector_7      0x9fc012e0        0x8 build/default/debug/_ext/365611741/system_services.o
                0x9fc012e0                __vector_dispatch_7
                0x00000001                ASSERT (((_vector_spacing == 0x0) || (SIZEOF (.vector_7) <= (_vector_spacing << 0x5))), function at exception vector 7 too large)

.vector_8       0x9fc01300        0x8
 *(.vector_8)
 .vector_8      0x9fc01300        0x8 c:/program files/microchip/xc32/v1.21/bin/../lib/gcc/pic32mx/4.5.2/../../../../pic32mx/lib/size\libpic32.a(vector8.o)
                0x9fc01300                __vector_dispatch_8
                0x00000001                ASSERT (((_vector_spacing == 0x0) || (SIZEOF (.vector_8) <= (_vector_spacing << 0x5))), function at exception vector 8 too large)

.vector_9       0x9fc01320        0x8
 *(.vector_9)
 .vector_9      0x9fc01320        0x8 c:/program files/microchip/xc32/v1.21/bin/../lib/gcc/pic32mx/4.5.2/../../../../pic32mx/lib/size\libpic32.a(vector9.o)
                0x9fc01320                __vector_dispatch_9
                0x00000001                ASSERT (((_vector_spacing == 0x0) || (SIZEOF (.vector_9) <= (_vector_spacing << 0x5))), function at exception vector 9 too large)

.vector_10      0x9fc01340        0x8
 *(.vector_10)
 .vector_10     0x9fc01340        0x8 c:/program files/microchip/xc32/v1.21/bin/../lib/gcc/pic32mx/4.5.2/../../../../pic32mx/lib/size\libpic32.a(vector10.o)
                0x9fc01340                __vector_dispatch_10
                0x00000001                ASSERT (((_vector_spacing == 0x0) || (SIZEOF (.vector_10) <= (_vector_spacing << 0x5))), function at exception vector 10 too large)

.vector_11      0x9fc01360        0x8
 *(.vector_11)
 .vector_11     0x9fc01360        0x8 c:/program files/microchip/xc32/v1.21/bin/../lib/gcc/pic32mx/4.5.2/../../../../pic32mx/lib/size\libpic32.a(vector11.o)
                0x9fc01360                __vector_dispatch_11
                0x00000001                ASSERT (((_vector_spacing == 0x0) || (SIZEOF (.vector_11) <= (_vector_spacing << 0x5))), function at exception vector 11 too large)

.vector_12      0x9fc01380        0x8
 *(.vector_12)
 .vector_12     0x9fc01380        0x8 c:/program files/microchip/xc32/v1.21/bin/../lib/gcc/pic32mx/4.5.2/../../../../pic32mx/lib/size\libpic32.a(vector12.o)
                0x9fc01380                __vector_dispatch_12
                0x00000001                ASSERT (((_vector_spacing == 0x0) || (SIZEOF (.vector_12) <= (_vector_spacing << 0x5))), function at exception vector 12 too large)

.vector_13      0x9fc013a0        0x8
 *(.vector_13)
 .vector_13     0x9fc013a0        0x8 c:/program files/microchip/xc32/v1.21/bin/../lib/gcc/pic32mx/4.5.2/../../../../pic32mx/lib/size\libpic32.a(vector13.o)
                0x9fc013a0                __vector_dispatch_13
                0x00000001                ASSERT (((_vector_spacing == 0x0) || (SIZEOF (.vector_13) <= (_vector_spacing << 0x5))), function at exception vector 13 too large)

.vector_14      0x9fc013c0        0x8
 *(.vector_14)
 .vector_14     0x9fc013c0        0x8 c:/program files/microchip/xc32/v1.21/bin/../lib/gcc/pic32mx/4.5.2/../../../../pic32mx/lib/size\libpic32.a(vector14.o)
                0x9fc013c0                __vector_dispatch_14
                0x00000001                ASSERT (((_vector_spacing == 0x0) || (SIZEOF (.vector_14) <= (_vector_spacing << 0x5))), function at exception vector 14 too large)

.vector_15      0x9fc013e0        0x8
 *(.vector_15)
 .vector_15     0x9fc013e0        0x8 build/default/debug/_ext/365611741/system_services.o
                0x9fc013e0                __vector_dispatch_15
                0x00000001                ASSERT (((_vector_spacing == 0x0) || (SIZEOF (.vector_15) <= (_vector_spacing << 0x5))), function at exception vector 15 too large)

.vector_16      0x9fc01400        0x8
 *(.vector_16)
 .vector_16     0x9fc01400        0x8 c:/program files/microchip/xc32/v1.21/bin/../lib/gcc/pic32mx/4.5.2/../../../../pic32mx/lib/size\libpic32.a(vector16.o)
                0x9fc01400                __vector_dispatch_16
                0x00000001                ASSERT (((_vector_spacing == 0x0) || (SIZEOF (.vector_16) <= (_vector_spacing << 0x5))), function at exception vector 16 too large)

.vector_17      0x9fc01420        0x8
 *(.vector_17)
 .vector_17     0x9fc01420        0x8 c:/program files/microchip/xc32/v1.21/bin/../lib/gcc/pic32mx/4.5.2/../../../../pic32mx/lib/size\libpic32.a(vector17.o)
                0x9fc01420                __vector_dispatch_17
                0x00000001                ASSERT (((_vector_spacing == 0x0) || (SIZEOF (.vector_17) <= (_vector_spacing << 0x5))), function at exception vector 17 too large)

.vector_18      0x9fc01440        0x8
 *(.vector_18)
 .vector_18     0x9fc01440        0x8 c:/program files/microchip/xc32/v1.21/bin/../lib/gcc/pic32mx/4.5.2/../../../../pic32mx/lib/size\libpic32.a(vector18.o)
                0x9fc01440                __vector_dispatch_18
                0x00000001                ASSERT (((_vector_spacing == 0x0) || (SIZEOF (.vector_18) <= (_vector_spacing << 0x5))), function at exception vector 18 too large)

.vector_19      0x9fc01460        0x8
 *(.vector_19)
 .vector_19     0x9fc01460        0x8 c:/program files/microchip/xc32/v1.21/bin/../lib/gcc/pic32mx/4.5.2/../../../../pic32mx/lib/size\libpic32.a(vector19.o)
                0x9fc01460                __vector_dispatch_19
                0x00000001                ASSERT (((_vector_spacing == 0x0) || (SIZEOF (.vector_19) <= (_vector_spacing << 0x5))), function at exception vector 19 too large)

.vector_20      0x9fc01480        0x8
 *(.vector_20)
 .vector_20     0x9fc01480        0x8 c:/program files/microchip/xc32/v1.21/bin/../lib/gcc/pic32mx/4.5.2/../../../../pic32mx/lib/size\libpic32.a(vector20.o)
                0x9fc01480                __vector_dispatch_20
                0x00000001                ASSERT (((_vector_spacing == 0x0) || (SIZEOF (.vector_20) <= (_vector_spacing << 0x5))), function at exception vector 20 too large)

.vector_21      0x9fc014a0        0x8
 *(.vector_21)
 .vector_21     0x9fc014a0        0x8 c:/program files/microchip/xc32/v1.21/bin/../lib/gcc/pic32mx/4.5.2/../../../../pic32mx/lib/size\libpic32.a(vector21.o)
                0x9fc014a0                __vector_dispatch_21
                0x00000001                ASSERT (((_vector_spacing == 0x0) || (SIZEOF (.vector_21) <= (_vector_spacing << 0x5))), function at exception vector 21 too large)

.vector_22      0x9fc014c0        0x8
 *(.vector_22)
 .vector_22     0x9fc014c0        0x8 c:/program files/microchip/xc32/v1.21/bin/../lib/gcc/pic32mx/4.5.2/../../../../pic32mx/lib/size\libpic32.a(vector22.o)
                0x9fc014c0                __vector_dispatch_22
                0x00000001                ASSERT (((_vector_spacing == 0x0) || (SIZEOF (.vector_22) <= (_vector_spacing << 0x5))), function at exception vector 22 too large)

.vector_23      0x9fc014e0        0x8
 *(.vector_23)
 .vector_23     0x9fc014e0        0x8 c:/program files/microchip/xc32/v1.21/bin/../lib/gcc/pic32mx/4.5.2/../../../../pic32mx/lib/size\libpic32.a(vector23.o)
                0x9fc014e0                __vector_dispatch_23
                0x00000001                ASSERT (((_vector_spacing == 0x0) || (SIZEOF (.vector_23) <= (_vector_spacing << 0x5))), function at exception vector 23 too large)

.vector_24      0x9fc01500        0x8
 *(.vector_24)
 .vector_24     0x9fc01500        0x8 c:/program files/microchip/xc32/v1.21/bin/../lib/gcc/pic32mx/4.5.2/../../../../pic32mx/lib/size\libpic32.a(vector24.o)
                0x9fc01500                __vector_dispatch_24
                0x00000001                ASSERT (((_vector_spacing == 0x0) || (SIZEOF (.vector_24) <= (_vector_spacing << 0x5))), function at exception vector 24 too large)

.vector_25      0x9fc01520        0x8
 *(.vector_25)
 .vector_25     0x9fc01520        0x8 c:/program files/microchip/xc32/v1.21/bin/../lib/gcc/pic32mx/4.5.2/../../../../pic32mx/lib/size\libpic32.a(vector25.o)
                0x9fc01520                __vector_dispatch_25
                0x00000001                ASSERT (((_vector_spacing == 0x0) || (SIZEOF (.vector_25) <= (_vector_spacing << 0x5))), function at exception vector 25 too large)

.vector_26      0x9fc01540        0x8
 *(.vector_26)
 .vector_26     0x9fc01540        0x8 build/default/debug/_ext/365611741/system_services.o
                0x9fc01540                __vector_dispatch_26
                0x00000001                ASSERT (((_vector_spacing == 0x0) || (SIZEOF (.vector_26) <= (_vector_spacing << 0x5))), function at exception vector 26 too large)

.vector_27      0x9fc01560        0x8
 *(.vector_27)
 .vector_27     0x9fc01560        0x8 c:/program files/microchip/xc32/v1.21/bin/../lib/gcc/pic32mx/4.5.2/../../../../pic32mx/lib/size\libpic32.a(vector27.o)
                0x9fc01560                __vector_dispatch_27
                0x00000001                ASSERT (((_vector_spacing == 0x0) || (SIZEOF (.vector_27) <= (_vector_spacing << 0x5))), function at exception vector 27 too large)

.vector_28      0x9fc01580        0x8
 *(.vector_28)
 .vector_28     0x9fc01580        0x8 c:/program files/microchip/xc32/v1.21/bin/../lib/gcc/pic32mx/4.5.2/../../../../pic32mx/lib/size\libpic32.a(vector28.o)
                0x9fc01580                __vector_dispatch_28
                0x00000001                ASSERT (((_vector_spacing == 0x0) || (SIZEOF (.vector_28) <= (_vector_spacing << 0x5))), function at exception vector 28 too large)

.vector_29      0x9fc015a0        0x8
 *(.vector_29)
 .vector_29     0x9fc015a0        0x8 c:/program files/microchip/xc32/v1.21/bin/../lib/gcc/pic32mx/4.5.2/../../../../pic32mx/lib/size\libpic32.a(vector29.o)
                0x9fc015a0                __vector_dispatch_29
                0x00000001                ASSERT (((_vector_spacing == 0x0) || (SIZEOF (.vector_29) <= (_vector_spacing << 0x5))), function at exception vector 29 too large)

.vector_30      0x9fc015c0        0x8
 *(.vector_30)
 .vector_30     0x9fc015c0        0x8 c:/program files/microchip/xc32/v1.21/bin/../lib/gcc/pic32mx/4.5.2/../../../../pic32mx/lib/size\libpic32.a(vector30.o)
                0x9fc015c0                __vector_dispatch_30
                0x00000001                ASSERT (((_vector_spacing == 0x0) || (SIZEOF (.vector_30) <= (_vector_spacing << 0x5))), function at exception vector 30 too large)

.vector_31      0x9fc015e0        0x8
 *(.vector_31)
 .vector_31     0x9fc015e0        0x8 c:/program files/microchip/xc32/v1.21/bin/../lib/gcc/pic32mx/4.5.2/../../../../pic32mx/lib/size\libpic32.a(vector31.o)
                0x9fc015e0                __vector_dispatch_31
                0x00000001                ASSERT (((_vector_spacing == 0x0) || (SIZEOF (.vector_31) <= (_vector_spacing << 0x5))), function at exception vector 31 too large)

.vector_32      0x9fc01600        0x8
 *(.vector_32)
 .vector_32     0x9fc01600        0x8 c:/program files/microchip/xc32/v1.21/bin/../lib/gcc/pic32mx/4.5.2/../../../../pic32mx/lib/size\libpic32.a(vector32.o)
                0x9fc01600                __vector_dispatch_32
                0x00000001                ASSERT (((_vector_spacing == 0x0) || (SIZEOF (.vector_32) <= (_vector_spacing << 0x5))), function at exception vector 32 too large)

.vector_33      0x9fc01620        0x8
 *(.vector_33)
 .vector_33     0x9fc01620        0x8 c:/program files/microchip/xc32/v1.21/bin/../lib/gcc/pic32mx/4.5.2/../../../../pic32mx/lib/size\libpic32.a(vector33.o)
                0x9fc01620                __vector_dispatch_33
                0x00000001                ASSERT (((_vector_spacing == 0x0) || (SIZEOF (.vector_33) <= (_vector_spacing << 0x5))), function at exception vector 33 too large)

.vector_34      0x9fc01640        0x8
 *(.vector_34)
 .vector_34     0x9fc01640        0x8 c:/program files/microchip/xc32/v1.21/bin/../lib/gcc/pic32mx/4.5.2/../../../../pic32mx/lib/size\libpic32.a(vector34.o)
                0x9fc01640                __vector_dispatch_34
                0x00000001                ASSERT (((_vector_spacing == 0x0) || (SIZEOF (.vector_34) <= (_vector_spacing << 0x5))), function at exception vector 34 too large)

.vector_35      0x9fc01660        0x8
 *(.vector_35)
 .vector_35     0x9fc01660        0x8 c:/program files/microchip/xc32/v1.21/bin/../lib/gcc/pic32mx/4.5.2/../../../../pic32mx/lib/size\libpic32.a(vector35.o)
                0x9fc01660                __vector_dispatch_35
                0x00000001                ASSERT (((_vector_spacing == 0x0) || (SIZEOF (.vector_35) <= (_vector_spacing << 0x5))), function at exception vector 35 too large)

.vector_36      0x9fc01680        0x8
 *(.vector_36)
 .vector_36     0x9fc01680        0x8 c:/program files/microchip/xc32/v1.21/bin/../lib/gcc/pic32mx/4.5.2/../../../../pic32mx/lib/size\libpic32.a(vector36.o)
                0x9fc01680                __vector_dispatch_36
                0x00000001                ASSERT (((_vector_spacing == 0x0) || (SIZEOF (.vector_36) <= (_vector_spacing << 0x5))), function at exception vector 36 too large)

.vector_37      0x9fc016a0        0x8
 *(.vector_37)
 .vector_37     0x9fc016a0        0x8 c:/program files/microchip/xc32/v1.21/bin/../lib/gcc/pic32mx/4.5.2/../../../../pic32mx/lib/size\libpic32.a(vector37.o)
                0x9fc016a0                __vector_dispatch_37
                0x00000001                ASSERT (((_vector_spacing == 0x0) || (SIZEOF (.vector_37) <= (_vector_spacing << 0x5))), function at exception vector 37 too large)

.vector_38      0x9fc016c0        0x8
 *(.vector_38)
 .vector_38     0x9fc016c0        0x8 c:/program files/microchip/xc32/v1.21/bin/../lib/gcc/pic32mx/4.5.2/../../../../pic32mx/lib/size\libpic32.a(vector38.o)
                0x9fc016c0                __vector_dispatch_38
                0x00000001                ASSERT (((_vector_spacing == 0x0) || (SIZEOF (.vector_38) <= (_vector_spacing << 0x5))), function at exception vector 38 too large)

.vector_39      0x9fc016e0        0x8
 *(.vector_39)
 .vector_39     0x9fc016e0        0x8 c:/program files/microchip/xc32/v1.21/bin/../lib/gcc/pic32mx/4.5.2/../../../../pic32mx/lib/size\libpic32.a(vector39.o)
                0x9fc016e0                __vector_dispatch_39
                0x00000001                ASSERT (((_vector_spacing == 0x0) || (SIZEOF (.vector_39) <= (_vector_spacing << 0x5))), function at exception vector 39 too large)

.vector_40      0x9fc01700        0x8
 *(.vector_40)
 .vector_40     0x9fc01700        0x8 c:/program files/microchip/xc32/v1.21/bin/../lib/gcc/pic32mx/4.5.2/../../../../pic32mx/lib/size\libpic32.a(vector40.o)
                0x9fc01700                __vector_dispatch_40
                0x00000001                ASSERT (((_vector_spacing == 0x0) || (SIZEOF (.vector_40) <= (_vector_spacing << 0x5))), function at exception vector 40 too large)

.vector_41      0x9fc01720        0x8
 *(.vector_41)
 .vector_41     0x9fc01720        0x8 c:/program files/microchip/xc32/v1.21/bin/../lib/gcc/pic32mx/4.5.2/../../../../pic32mx/lib/size\libpic32.a(vector41.o)
                0x9fc01720                __vector_dispatch_41
                0x00000001                ASSERT (((_vector_spacing == 0x0) || (SIZEOF (.vector_41) <= (_vector_spacing << 0x5))), function at exception vector 41 too large)

.vector_42      0x9fc01740        0x8
 *(.vector_42)
 .vector_42     0x9fc01740        0x8 c:/program files/microchip/xc32/v1.21/bin/../lib/gcc/pic32mx/4.5.2/../../../../pic32mx/lib/size\libpic32.a(vector42.o)
                0x9fc01740                __vector_dispatch_42
                0x00000001                ASSERT (((_vector_spacing == 0x0) || (SIZEOF (.vector_42) <= (_vector_spacing << 0x5))), function at exception vector 42 too large)

.vector_43      0x9fc01760        0x8
 *(.vector_43)
 .vector_43     0x9fc01760        0x8 c:/program files/microchip/xc32/v1.21/bin/../lib/gcc/pic32mx/4.5.2/../../../../pic32mx/lib/size\libpic32.a(vector43.o)
                0x9fc01760                __vector_dispatch_43
                0x00000001                ASSERT (((_vector_spacing == 0x0) || (SIZEOF (.vector_43) <= (_vector_spacing << 0x5))), function at exception vector 43 too large)

.vector_44      0x9fc01780        0x8
 *(.vector_44)
 .vector_44     0x9fc01780        0x8 c:/program files/microchip/xc32/v1.21/bin/../lib/gcc/pic32mx/4.5.2/../../../../pic32mx/lib/size\libpic32.a(vector44.o)
                0x9fc01780                __vector_dispatch_44
                0x00000001                ASSERT (((_vector_spacing == 0x0) || (SIZEOF (.vector_44) <= (_vector_spacing << 0x5))), function at exception vector 44 too large)

.vector_45      0x9fc017a0        0x8
 *(.vector_45)
 .vector_45     0x9fc017a0        0x8 c:/program files/microchip/xc32/v1.21/bin/../lib/gcc/pic32mx/4.5.2/../../../../pic32mx/lib/size\libpic32.a(vector45.o)
                0x9fc017a0                __vector_dispatch_45
                0x00000001                ASSERT (((_vector_spacing == 0x0) || (SIZEOF (.vector_45) <= (_vector_spacing << 0x5))), function at exception vector 45 too large)

.vector_46      0x9fc017c0        0x8
 *(.vector_46)
 .vector_46     0x9fc017c0        0x8 c:/program files/microchip/xc32/v1.21/bin/../lib/gcc/pic32mx/4.5.2/../../../../pic32mx/lib/size\libpic32.a(vector46.o)
                0x9fc017c0                __vector_dispatch_46
                0x00000001                ASSERT (((_vector_spacing == 0x0) || (SIZEOF (.vector_46) <= (_vector_spacing << 0x5))), function at exception vector 46 too large)

.vector_47      0x9fc017e0        0x8
 *(.vector_47)
 .vector_47     0x9fc017e0        0x8 c:/program files/microchip/xc32/v1.21/bin/../lib/gcc/pic32mx/4.5.2/../../../../pic32mx/lib/size\libpic32.a(vector47.o)
                0x9fc017e0                __vector_dispatch_47
                0x00000001                ASSERT (((_vector_spacing == 0x0) || (SIZEOF (.vector_47) <= (_vector_spacing << 0x5))), function at exception vector 47 too large)

.vector_48      0x9fc01800        0x8
 *(.vector_48)
 .vector_48     0x9fc01800        0x8 build/default/debug/_ext/365611741/system_services.o
                0x9fc01800                __vector_dispatch_48
                0x00000001                ASSERT (((_vector_spacing == 0x0) || (SIZEOF (.vector_48) <= (_vector_spacing << 0x5))), function at exception vector 48 too large)

.vector_49      0x9fc01820        0x8
 *(.vector_49)
 .vector_49     0x9fc01820        0x8 c:/program files/microchip/xc32/v1.21/bin/../lib/gcc/pic32mx/4.5.2/../../../../pic32mx/lib/size\libpic32.a(vector49.o)
                0x9fc01820                __vector_dispatch_49
                0x00000001                ASSERT (((_vector_spacing == 0x0) || (SIZEOF (.vector_49) <= (_vector_spacing << 0x5))), function at exception vector 49 too large)

.vector_50      0x9fc01840        0x8
 *(.vector_50)
 .vector_50     0x9fc01840        0x8 c:/program files/microchip/xc32/v1.21/bin/../lib/gcc/pic32mx/4.5.2/../../../../pic32mx/lib/size\libpic32.a(vector50.o)
                0x9fc01840                __vector_dispatch_50
                0x00000001                ASSERT (((_vector_spacing == 0x0) || (SIZEOF (.vector_50) <= (_vector_spacing << 0x5))), function at exception vector 50 too large)

.vector_51      0x9fc01860        0x8
 *(.vector_51)
 .vector_51     0x9fc01860        0x8 c:/program files/microchip/xc32/v1.21/bin/../lib/gcc/pic32mx/4.5.2/../../../../pic32mx/lib/size\libpic32.a(vector51.o)
                0x9fc01860                __vector_dispatch_51
                0x00000001                ASSERT (((_vector_spacing == 0x0) || (SIZEOF (.vector_51) <= (_vector_spacing << 0x5))), function at exception vector 51 too large)

.vector_52      0x9fc01880        0x8
 *(.vector_52)
 .vector_52     0x9fc01880        0x8 c:/program files/microchip/xc32/v1.21/bin/../lib/gcc/pic32mx/4.5.2/../../../../pic32mx/lib/size\libpic32.a(vector52.o)
                0x9fc01880                __vector_dispatch_52
                0x00000001                ASSERT (((_vector_spacing == 0x0) || (SIZEOF (.vector_52) <= (_vector_spacing << 0x5))), function at exception vector 52 too large)

.vector_53      0x9fc018a0        0x8
 *(.vector_53)
 .vector_53     0x9fc018a0        0x8 c:/program files/microchip/xc32/v1.21/bin/../lib/gcc/pic32mx/4.5.2/../../../../pic32mx/lib/size\libpic32.a(vector53.o)
                0x9fc018a0                __vector_dispatch_53
                0x00000001                ASSERT (((_vector_spacing == 0x0) || (SIZEOF (.vector_53) <= (_vector_spacing << 0x5))), function at exception vector 53 too large)

.vector_54      0x9fc018c0        0x8
 *(.vector_54)
 .vector_54     0x9fc018c0        0x8 c:/program files/microchip/xc32/v1.21/bin/../lib/gcc/pic32mx/4.5.2/../../../../pic32mx/lib/size\libpic32.a(vector54.o)
                0x9fc018c0                __vector_dispatch_54
                0x00000001                ASSERT (((_vector_spacing == 0x0) || (SIZEOF (.vector_54) <= (_vector_spacing << 0x5))), function at exception vector 54 too large)

.vector_55      0x9fc018e0        0x8
 *(.vector_55)
 .vector_55     0x9fc018e0        0x8 c:/program files/microchip/xc32/v1.21/bin/../lib/gcc/pic32mx/4.5.2/../../../../pic32mx/lib/size\libpic32.a(vector55.o)
                0x9fc018e0                __vector_dispatch_55
                0x00000001                ASSERT (((_vector_spacing == 0x0) || (SIZEOF (.vector_55) <= (_vector_spacing << 0x5))), function at exception vector 55 too large)

.vector_56      0x9fc01900        0x8
 *(.vector_56)
 .vector_56     0x9fc01900        0x8 c:/program files/microchip/xc32/v1.21/bin/../lib/gcc/pic32mx/4.5.2/../../../../pic32mx/lib/size\libpic32.a(vector56.o)
                0x9fc01900                __vector_dispatch_56
                0x00000001                ASSERT (((_vector_spacing == 0x0) || (SIZEOF (.vector_56) <= (_vector_spacing << 0x5))), function at exception vector 56 too large)

.vector_57      0x9fc01920        0x8
 *(.vector_57)
 .vector_57     0x9fc01920        0x8 c:/program files/microchip/xc32/v1.21/bin/../lib/gcc/pic32mx/4.5.2/../../../../pic32mx/lib/size\libpic32.a(vector57.o)
                0x9fc01920                __vector_dispatch_57
                0x00000001                ASSERT (((_vector_spacing == 0x0) || (SIZEOF (.vector_57) <= (_vector_spacing << 0x5))), function at exception vector 57 too large)

.vector_58      0x9fc01940        0x8
 *(.vector_58)
 .vector_58     0x9fc01940        0x8 c:/program files/microchip/xc32/v1.21/bin/../lib/gcc/pic32mx/4.5.2/../../../../pic32mx/lib/size\libpic32.a(vector58.o)
                0x9fc01940                __vector_dispatch_58
                0x00000001                ASSERT (((_vector_spacing == 0x0) || (SIZEOF (.vector_58) <= (_vector_spacing << 0x5))), function at exception vector 58 too large)

.vector_59      0x9fc01960        0x8
 *(.vector_59)
 .vector_59     0x9fc01960        0x8 c:/program files/microchip/xc32/v1.21/bin/../lib/gcc/pic32mx/4.5.2/../../../../pic32mx/lib/size\libpic32.a(vector59.o)
                0x9fc01960                __vector_dispatch_59
                0x00000001                ASSERT (((_vector_spacing == 0x0) || (SIZEOF (.vector_59) <= (_vector_spacing << 0x5))), function at exception vector 59 too large)

.vector_60      0x9fc01980        0x8
 *(.vector_60)
 .vector_60     0x9fc01980        0x8 c:/program files/microchip/xc32/v1.21/bin/../lib/gcc/pic32mx/4.5.2/../../../../pic32mx/lib/size\libpic32.a(vector60.o)
                0x9fc01980                __vector_dispatch_60
                0x00000001                ASSERT (((_vector_spacing == 0x0) || (SIZEOF (.vector_60) <= (_vector_spacing << 0x5))), function at exception vector 60 too large)

.vector_61      0x9fc019a0        0x8
 *(.vector_61)
 .vector_61     0x9fc019a0        0x8 c:/program files/microchip/xc32/v1.21/bin/../lib/gcc/pic32mx/4.5.2/../../../../pic32mx/lib/size\libpic32.a(vector61.o)
                0x9fc019a0                __vector_dispatch_61
                0x00000001                ASSERT (((_vector_spacing == 0x0) || (SIZEOF (.vector_61) <= (_vector_spacing << 0x5))), function at exception vector 61 too large)

.vector_62      0x9fc019c0        0x8
 *(.vector_62)
 .vector_62     0x9fc019c0        0x8 c:/program files/microchip/xc32/v1.21/bin/../lib/gcc/pic32mx/4.5.2/../../../../pic32mx/lib/size\libpic32.a(vector62.o)
                0x9fc019c0                __vector_dispatch_62
                0x00000001                ASSERT (((_vector_spacing == 0x0) || (SIZEOF (.vector_62) <= (_vector_spacing << 0x5))), function at exception vector 62 too large)

.vector_63      0x9fc019e0        0x8
 *(.vector_63)
 .vector_63     0x9fc019e0        0x8 c:/program files/microchip/xc32/v1.21/bin/../lib/gcc/pic32mx/4.5.2/../../../../pic32mx/lib/size\libpic32.a(vector63.o)
                0x9fc019e0                __vector_dispatch_63
                0x00000001                ASSERT (((_vector_spacing == 0x0) || (SIZEOF (.vector_63) <= (_vector_spacing << 0x5))), function at exception vector 63 too large)

.startup
 *(.startup)

.text           0x9d000000        0x0
 *(.stub .gnu.linkonce.t.*)
 *(.text.*personality*)
 *(.mips16.fn.*)
 *(.mips16.call.*)
 *(.gnu.warning)
                0x9d000000                . = ALIGN (0x4)

.init           0x9d000000        0x0
 *crti.o(.init)
 *crtbegin.o(.init)
 *(EXCLUDE_FILE(*crtn.o *crtend?.o *crtend.o) .init)
 *crtend.o(.init)
 *crtn.o(.init)
                0x9d000000                . = ALIGN (0x4)

.fini           0x9d000000        0x0
 *(.fini)
                0x9d000000                . = ALIGN (0x4)

.preinit_array  0x9d000000        0x0
                0x9d000000                PROVIDE (__preinit_array_start, .)
 *(.preinit_array)
                0x9d000000                PROVIDE (__preinit_array_end, .)
                0x9d000000                . = ALIGN (0x4)

.init_array     0x9d000000        0x0
                0x9d000000                PROVIDE (__init_array_start, .)
 *(SORT(.init_array.*))
 *(.init_array)
                0x9d000000                PROVIDE (__init_array_end, .)
                0x9d000000                . = ALIGN (0x4)

.fini_array     0x9d000000        0x0
                0x9d000000                PROVIDE (__fini_array_start, .)
 *(SORT(.fini_array.*))
 *(.fini_array)
                0x9d000000                PROVIDE (__fini_array_end, .)
                0x9d000000                . = ALIGN (0x4)

.ctors          0x9d000000        0x0
 *crtbegin.o(.ctors)
 *crtbegin?.o(.ctors)
 *(EXCLUDE_FILE(*crtend?.o *crtend.o) .ctors)
 *(SORT(.ctors.*))
 *(.ctors)
                0x9d000000                . = ALIGN (0x4)

.dtors          0x9d000000        0x0
 *crtbegin.o(.dtors)
 *crtbegin?.o(.dtors)
 *(EXCLUDE_FILE(*crtend?.o *crtend.o) .dtors)
 *(SORT(.dtors.*))
 *(.dtors)
                0x9d000000                . = ALIGN (0x4)

.rodata         0x9d000000        0x0
 *(.gnu.linkonce.r.*)
 *(.rodata1)
                0x9d000000                . = ALIGN (0x4)

.sdata2         0x9fc00490        0x0
 *(.sdata2 .sdata2.* .gnu.linkonce.s2.*)
                0x9fc00490                . = ALIGN (0x4)

.sbss2          0x9fc00490        0x0
 *(.sbss2 .sbss2.* .gnu.linkonce.sb2.*)
                0x9fc00490                . = ALIGN (0x4)

.eh_frame_hdr
 *(.eh_frame_hdr)
                0x9fc00490                . = ALIGN (0x4)

.eh_frame
 *(.eh_frame)
                0x9fc00490                . = ALIGN (0x4)

.gcc_except_table
 *(.gcc_except_table .gcc_except_table.*)
                0x9fc00490                . = ALIGN (0x4)

.dbg_data       0xa0000000      0x200
                0xa0000000                . = (. + DEFINED (_DEBUGGER)?0x200:0x0)
 *fill*         0xa0000000      0x200 00

.jcr            0xa0000200        0x0
 *(.jcr)
                0xa0000200                . = ALIGN (0x4)

.eh_frame       0xa0000200       0x30
 *(.eh_frame)
 .eh_frame      0xa0000200       0x20 c:/program files/microchip/xc32/v1.21/bin/../lib/gcc/pic32mx/4.5.2/size\libgcc.a(_udivdi3.o)
 .eh_frame      0xa0000220       0x10 c:/program files/microchip/xc32/v1.21/bin/../lib/gcc/pic32mx/4.5.2/size\libgcc.a(_umoddi3.o)
                0xa0000230                . = ALIGN (0x4)

.gcc_except_table
 *(.gcc_except_table .gcc_except_table.*)
                0xa0000230                . = ALIGN (0x4)

.persist        0xa0000230        0x0
                0xa0000230                _persist_begin = .
 *(.persist .persist.*)
 *(.pbss .pbss.*)
                0xa0000230                . = ALIGN (0x4)
                0xa0000230                _persist_end = .

.data           0xa0000230        0x0
 *(.gnu.linkonce.d.*)
 *(.data1)
                0xa0000230                . = ALIGN (0x4)
                0xa0000230                . = .
                0xa0008220                _gp = (ALIGN (0x10) + 0x7ff0)

.got            0xa0000230        0x0
 *(.got.plt)
 *(.got)
                0xa0000230                . = ALIGN (0x4)

.sdata          0xa0000230      0x288
                0xa0000230                _sdata_begin = .
 *(.sdata .sdata.* .gnu.linkonce.s.*)
 .sdata         0xa0000230        0x4 build/default/debug/_ext/101875047/lfsr.o
 .sdata         0xa0000234       0x1c build/default/debug/_ext/1472/generic_tcp_client.o
 .sdata         0xa0000250       0x50 build/default/debug/_ext/1472/smtp_demo.o
 .sdata         0xa00002a0        0x8 build/default/debug/_ext/365611741/system_services.o
                0xa00002a0                MEDIA_STORAGE_PARTITION_TABLE
 .sdata         0xa00002a8       0x70 build/default/debug/_ext/365611741/system_debug.o
 .sdata         0xa0000318       0x1c build/default/debug/_ext/792872985/usart.o
                0xa0000318                _usart_cdev_obj
 .sdata         0xa0000334       0x1c build/default/debug/_ext/792872985/db_appio.o
                0xa0000334                _dbappio_cdev_obj
 .sdata         0xa0000350       0x2c build/default/debug/_ext/792872985/drv_media.o
 .sdata         0xa000037c        0x8 build/default/debug/_ext/427700826/arp.o
 .sdata         0xa0000384        0x2 build/default/debug/_ext/427700826/dns.o
 .sdata         0xa0000386        0x2 build/default/debug/_ext/427700826/smtp.o
 .sdata         0xa0000388        0x4 build/default/debug/_ext/427700826/tcpip_heap_alloc.o
 .sdata         0xa000038c        0x8 build/default/debug/_ext/427700826/zero_conf_link_local.o
 .sdata         0xa0000394        0x1 build/default/debug/_ext/334706090/wf_connection_algorithm.o
 .sdata         0xa0000395        0x1 build/default/debug/_ext/334706090/wf_power_save.o
 *fill*         0xa0000396        0x2 00
 .sdata         0xa0000398        0xc build/default/debug/_ext/334706090/mrf24w_mac_pic32.o
 .sdata         0xa00003a4      0x100 build/default/debug/_ext/334706090/wf_debug_output.o
                0xa00003a4                connectionLostStrings
                0xa00003bc                wpsState
                0xa00003f8                wpsConfigErr
 .sdata         0xa00004a4        0x4 build/default/debug/_ext/334706090/wf_configData.o
                0xa00004a4                p_wifi_ConfigData
 .sdata         0xa00004a8        0xc build/default/debug/_ext/1472/mpfs_img2.o
                0xa00004a8                MPFS_IMAGE_PARTITION_INFO
 .sdata         0xa00004b4        0x4 c:/program files/microchip/xc32/v1.21/bin/../lib/gcc/pic32mx/4.5.2/../../../../pic32mx/lib/size\libpic32.a(xc32_uart.o)
                0xa00004b4                __XC_UART
                0xa00004b8                . = ALIGN (0x4)
                0xa00004b8                _sdata_end = .

.lit8
 *(.lit8)

.lit4
 *(.lit4)
                0xa00004b8                . = ALIGN (0x4)
                0xa00004b8                _data_end = .
                0xa00004b8                _bss_begin = .

.sbss           0xa00004b8      0x4fc
                0xa00004b8                _sbss_begin = .
 *(.dynsbss)
 *(.sbss .sbss.* .gnu.linkonce.sb.*)
 .sbss          0xa00004b8       0x10 build/default/debug/_ext/1472/generic_tcp_client.o
 .sbss          0xa00004c8        0x8 build/default/debug/_ext/1472/generic_tcp_server.o
 .sbss          0xa00004d0        0x8 build/default/debug/_ext/1472/smtp_demo.o
 .sbss          0xa00004d8       0x34 build/default/debug/_ext/365611741/system_services.o
                0xa00004d8                _SystemTickCount
                0xa00004dc                _SystemTickResolution
 .sbss          0xa000050c        0x8 build/default/debug/_ext/365611741/system_debug.o
 .sbss          0xa0000514       0x18 build/default/debug/_ext/365611741/system_random.o
 .sbss          0xa000052c       0x5c build/default/debug/_ext/365611741/system_command.o
 .sbss          0xa0000588       0x30 build/default/debug/_ext/365611741/system_userio.o
 .sbss          0xa00005b8       0x10 build/default/debug/_ext/97638081/sys_fs.o
 .sbss          0xa00005c8       0x24 build/default/debug/_ext/97638081/mpfs2.o
 .sbss          0xa00005ec       0x1c build/default/debug/_ext/792872985/drv_media.o
 .sbss          0xa0000608       0x1c build/default/debug/_ext/427700826/tcpip_announce.o
 .sbss          0xa0000624       0x14 build/default/debug/_ext/427700826/http2.o
 .sbss          0xa0000638       0x4c build/default/debug/_ext/427700826/arp.o
 .sbss          0xa0000684       0x20 build/default/debug/_ext/427700826/dhcp.o
 .sbss          0xa00006a4       0x3c build/default/debug/_ext/427700826/dns.o
 .sbss          0xa00006e0        0x8 build/default/debug/_ext/427700826/icmp.o
 .sbss          0xa00006e8       0x20 build/default/debug/_ext/427700826/ipv4.o
                0xa00006f8                ipv4QueuedPackets
 .sbss          0xa0000708        0x4 build/default/debug/_ext/427700826/mac_events_pic32.o
 .sbss          0xa000070c        0xc build/default/debug/_ext/427700826/nbns.o
 .sbss          0xa0000718       0x34 build/default/debug/_ext/427700826/rsa.o
 .sbss          0xa000074c       0x60 build/default/debug/_ext/427700826/smtp.o
 .sbss          0xa00007ac       0x10 build/default/debug/_ext/427700826/ssl.o
 .sbss          0xa00007bc       0x20 build/default/debug/_ext/427700826/tcp.o
 .sbss          0xa00007dc       0x28 build/default/debug/_ext/427700826/telnet.o
 .sbss          0xa0000804       0x18 build/default/debug/_ext/427700826/udp.o
                0xa0000804                UDPSocketDcpt
 .sbss          0xa000081c       0x3c build/default/debug/_ext/427700826/tcpip_manager.o
 .sbss          0xa0000858       0x14 build/default/debug/_ext/427700826/tcpip_commands.o
 .sbss          0xa000086c        0x8 build/default/debug/_ext/427700826/zero_conf_link_local.o
 .sbss          0xa0000874        0x8 build/default/debug/_ext/427700826/zero_conf_multicast_dns.o
 .sbss          0xa000087c        0x1 build/default/debug/_ext/334706090/wf_connection_manager.o
 .sbss          0xa000087d        0x1 build/default/debug/_ext/334706090/wf_connection_profile.o
 .sbss          0xa000087e        0x2 build/default/debug/_ext/334706090/wf_event_handler.o
                0xa000087e                g_DhcpRenew
                0xa000087f                g_asyncTaskFlags
 .sbss          0xa0000880        0x3 build/default/debug/_ext/334706090/wf_power_save.o
 .sbss          0xa0000883        0x1 build/default/debug/_ext/334706090/wf_spi.o
 .sbss          0xa0000884       0x18 build/default/debug/_ext/334706090/mrf24w_events.o
 .sbss          0xa000089c        0x1 build/default/debug/_ext/334706090/wf_debug_output.o
                0xa000089c                g_outputConnectionContext
 .sbss          0xa000089d        0x3 build/default/debug/_ext/334706090/wf_commands.o
                0xa000089d                g_hibernate_state
                0xa000089e                g_wakeup_notice
 .sbss          0xa00008a0       0x14 build/default/debug/_ext/334706090/wf_driver_com_24g.o
                0xa00008ad                g_DhcpSuccessful
                0xa00008ae                g_WiFiConnectionChanged
                0xa00008af                g_WiFiConnection
                0xa00008b0                g_dhcpInProgress
 .sbss          0xa00008b4        0x2 build/default/debug/_ext/334706090/wf_driver_raw_24g.o
                0xa00008b4                g_HostRAWDataPacketReceived
                0xa00008b5                g_RawIndexPastEnd
 *fill*         0xa00008b6        0x2 00
 .sbss          0xa00008b8        0xc build/default/debug/_ext/334706090/wf_mac_24g.o
 .sbss          0xa00008c4        0x3 build/default/debug/_ext/334706090/wf_mgmt_msg_24g.o
                0xa00008c5                g_WaitingForMgmtResponse
 *fill*         0xa00008c7        0x1 00
 .sbss          0xa00008c8       0x20 build/default/debug/_ext/1472/main_demo.o
                0xa00008c8                stackNotifyCnt
                0xa00008cc                stackTotEvents
                0xa00008d0                mrf_txEvents
                0xa00008d2                mrf_txEventInfo
                0xa00008d4                mrf_mgmtEvents
                0xa00008d6                mrf_mgmtEventInfo
                0xa00008d8                mrf_EventCnt
 .sbss          0xa00008e8       0x3c build/default/debug/_ext/1472/custom_http_app.o
 .sbss          0xa0000924       0x20 c:/program files/microchip/xc32/v1.21/bin/../lib/gcc/pic32mx/4.5.2/../../../../pic32mx/lib/size\libmchp_peripheral_32MX795F512L.a(eth_descriptors_add_lib.o)
                0xa0000924                _EthTxFreeList
                0xa000092c                _EthTxBusyList
                0xa0000934                _EthRxFreeList
                0xa000093c                _EthRxBusyList
 .sbss          0xa0000944        0x4 c:/program files/microchip/xc32/v1.21/bin/../lib/gcc/pic32mx/4.5.2/../../../../pic32mx/lib/size\libpic32.a(errno.o)
                0xa0000944                errno
 .sbss          0xa0000948        0x1 c:/program files/microchip/xc32/v1.21/bin/../lib/gcc/pic32mx/4.5.2/../../../../pic32mx/lib/size\libc.a(_iob.o)
                0xa0000948                _outdone
 *fill*         0xa0000949        0x3 00
 .sbss          0xa000094c       0x10 c:/program files/microchip/xc32/v1.21/bin/../lib/gcc/pic32mx/4.5.2/../../../../pic32mx/lib/size\libc.a(malloc.o)
                0xa000094c                __allocp
                0xa0000950                __alloct
                0xa0000954                __allocx
 .sbss          0xa000095c        0x8 c:/program files/microchip/xc32/v1.21/bin/../lib/gcc/pic32mx/4.5.2/../../../../pic32mx/lib/size\libpic32.a(sbrk.o)
                0xa000095c                _minbrk
                0xa0000960                _maxbrk
 *(.scommon)
 .scommon       0xa0000964       0x1e build/default/debug/_ext/1472/ping_demo.o
                0xa0000964                pNetIf
                0xa0000968                pingCount
                0xa000096c                targetAddressIPv4
                0xa0000970                pingTimer
                0xa0000974                firstHopAddress
                0xa0000978                targetHostName
                0xa000097c                targetMACAddr
 *fill*         0xa0000982        0x2 00
 .scommon       0xa0000984        0x4 build/default/debug/_ext/427700826/eth_pic32_ext_phy.o
                0xa0000984                _PhyAdd
 .scommon       0xa0000988        0x8 build/default/debug/_ext/334706090/wf_event_handler.o
                0xa0000988                g_softAPEvent
 .scommon       0xa0000990        0x6 build/default/debug/_ext/334706090/wf_power_save.o
                0xa0000990                g_savedPsPollContext
 *fill*         0xa0000996        0x2 00
 .scommon       0xa0000998        0x4 build/default/debug/_ext/334706090/wf_scan.o
                0xa0000998                hMac_softap_connect
 .scommon       0xa000099c        0x3 build/default/debug/_ext/334706090/wf_commands.o
                0xa000099c                iwconfigCb
 *fill*         0xa000099f        0x1 00
 .scommon       0xa00009a0        0x3 build/default/debug/_ext/334706090/wf_driver_com_24g.o
                0xa00009a0                RawMoveState
                0xa00009a2                g_powerSaveState
 *fill*         0xa00009a3        0x1 00
 .scommon       0xa00009a4        0x2 build/default/debug/_ext/334706090/wf_driver_raw_24g.o
                0xa00009a4                RawWindowState
 *fill*         0xa00009a6        0x2 00
 .scommon       0xa00009a8        0x6 build/default/debug/_ext/334706090/wf_mac_24g.o
                0xa00009a8                g_pNetIf
                0xa00009ac                g_rxBufferLength
 *fill*         0xa00009ae        0x2 00
 .scommon       0xa00009b0        0x4 build/default/debug/_ext/1472/main_demo.o
                0xa00009b0                stackNotifyHandle
                0xa00009b4                _sbss_end = .
                0xa00009b4                . = ALIGN (0x4)

.bss            0xa00009b4      0x10c
 *(.dynbss)
 *(COMMON)
 COMMON         0xa00009b4       0x40 build/default/debug/_ext/101875047/hashes.o
                0xa00009b4                lastBlock
 COMMON         0xa00009f4        0xa build/default/debug/_ext/427700826/tcpip_manager.o
                0xa00009f4                remoteNode
 *fill*         0xa00009fe        0x2 00
 COMMON         0xa0000a00       0x34 build/default/debug/_ext/427700826/iperf.o
                0xa0000a00                g_bfr
 COMMON         0xa0000a34       0x8a build/default/debug/_ext/334706090/wf_configData.o
                0xa0000a34                wifi_ConfigData
                0xa0000ac0                . = ALIGN ((. != 0x0)?0x4:0x1)
 *fill*         0xa0000abe        0x2 00
                0xa0000ac0                . = ALIGN (0x4)
                0xa0000ac0                _end = .
                0xa0000ac0                _bss_end = .
                0x00020000                _bmxdudba_address = 0x20000
                0x00020000                _bmxdupba_address = 0x20000

/DISCARD/
 *(.pdr)
 *(.rel.dyn)
 *(.note.GNU-stack)
 *(.note.GNU-stack)
 *(.gnu_debuglink)
 *(.gnu.lto_*)
 *(.discard)

.gptab.sdata
 *(.gptab.data)
 *(.gptab.sdata)

.gptab.sbss
 *(.gptab.bss)
 *(.gptab.sbss)

.mdebug.abi32   0xa0000ac0        0x0
 *(.mdebug.abi32)
 .mdebug.abi32  0xa0000ac0        0x0 build/default/debug/_ext/979510709/bsp.o
 .mdebug.abi32  0xa0000ac0        0x0 build/default/debug/_ext/101875047/lfsr.o
 .mdebug.abi32  0xa0000ac0        0x0 build/default/debug/_ext/101875047/hashes.o
 .mdebug.abi32  0xa0000ac0        0x0 build/default/debug/_ext/101875047/big_int.o
 .mdebug.abi32  0xa0000ac0        0x0 build/default/debug/_ext/101875047/helpers.o
 .mdebug.abi32  0xa0000ac0        0x0 build/default/debug/_ext/1472/berkeley_tcp_client_demo.o
 .mdebug.abi32  0xa0000ac0        0x0 build/default/debug/_ext/1472/berkeley_tcp_server_demo.o
 .mdebug.abi32  0xa0000ac0        0x0 build/default/debug/_ext/1472/berkeley_udp_client_demo.o
 .mdebug.abi32  0xa0000ac0        0x0 build/default/debug/_ext/1472/generic_tcp_client.o
 .mdebug.abi32  0xa0000ac0        0x0 build/default/debug/_ext/1472/generic_tcp_server.o
 .mdebug.abi32  0xa0000ac0        0x0 build/default/debug/_ext/1472/ping_demo.o
 .mdebug.abi32  0xa0000ac0        0x0 build/default/debug/_ext/1472/smtp_demo.o
 .mdebug.abi32  0xa0000ac0        0x0 build/default/debug/_ext/365611741/system_services.o
 .mdebug.abi32  0xa0000ac0        0x0 build/default/debug/_ext/365611741/system_debug.o
 .mdebug.abi32  0xa0000ac0        0x0 build/default/debug/_ext/365611741/system_random.o
 .mdebug.abi32  0xa0000ac0        0x0 build/default/debug/_ext/365611741/system_command.o
 .mdebug.abi32  0xa0000ac0        0x0 build/default/debug/_ext/365611741/system_userio.o
 .mdebug.abi32  0xa0000ac0        0x0 build/default/debug/_ext/97638081/sys_fs.o
 .mdebug.abi32  0xa0000ac0        0x0 build/default/debug/_ext/97638081/mpfs2.o
 .mdebug.abi32  0xa0000ac0        0x0 build/default/debug/_ext/792872985/usart.o
 .mdebug.abi32  0xa0000ac0        0x0 build/default/debug/_ext/792872985/lcd.o
 .mdebug.abi32  0xa0000ac0        0x0 build/default/debug/_ext/792872985/drv_spi.o
 .mdebug.abi32  0xa0000ac0        0x0 build/default/debug/_ext/792872985/db_appio.o
 .mdebug.abi32  0xa0000ac0        0x0 build/default/debug/_ext/792872985/spi_ram.o
 .mdebug.abi32  0xa0000ac0        0x0 build/default/debug/_ext/792872985/spi_eeprom.o
 .mdebug.abi32  0xa0000ac0        0x0 build/default/debug/_ext/792872985/spi_flash.o
 .mdebug.abi32  0xa0000ac0        0x0 build/default/debug/_ext/792872985/drv_media.o
 .mdebug.abi32  0xa0000ac0        0x0 build/default/debug/_ext/427700826/tcpip_announce.o
 .mdebug.abi32  0xa0000ac0        0x0 build/default/debug/_ext/427700826/http2.o
 .mdebug.abi32  0xa0000ac0        0x0 build/default/debug/_ext/427700826/arcfour.o
 .mdebug.abi32  0xa0000ac0        0x0 build/default/debug/_ext/427700826/arp.o
 .mdebug.abi32  0xa0000ac0        0x0 build/default/debug/_ext/427700826/berkeley_api.o
 .mdebug.abi32  0xa0000ac0        0x0 build/default/debug/_ext/427700826/dhcp.o
 .mdebug.abi32  0xa0000ac0        0x0 build/default/debug/_ext/427700826/dhcps.o
 .mdebug.abi32  0xa0000ac0        0x0 build/default/debug/_ext/427700826/dns.o
 .mdebug.abi32  0xa0000ac0        0x0 build/default/debug/_ext/427700826/dnss.o
 .mdebug.abi32  0xa0000ac0        0x0 build/default/debug/_ext/427700826/dyn_dns.o
 .mdebug.abi32  0xa0000ac0        0x0 build/default/debug/_ext/427700826/enc28_mac.o
 .mdebug.abi32  0xa0000ac0        0x0 build/default/debug/_ext/427700826/enc28j60.o
 .mdebug.abi32  0xa0000ac0        0x0 build/default/debug/_ext/427700826/encs24j600.o
 .mdebug.abi32  0xa0000ac0        0x0 build/default/debug/_ext/427700826/encx24_mac.o
 .mdebug.abi32  0xa0000ac0        0x0 build/default/debug/_ext/427700826/eth_pic32_ext_phy.o
 .mdebug.abi32  0xa0000ac0        0x0 build/default/debug/_ext/427700826/eth_pic32_ext_phy_dp83848.o
 .mdebug.abi32  0xa0000ac0        0x0 build/default/debug/_ext/427700826/eth_pic32_int_mac.o
 .mdebug.abi32  0xa0000ac0        0x0 build/default/debug/_ext/427700826/ftp.o
 .mdebug.abi32  0xa0000ac0        0x0 build/default/debug/_ext/427700826/hash_fnv.o
 .mdebug.abi32  0xa0000ac0        0x0 build/default/debug/_ext/427700826/hash_tbl.o
 .mdebug.abi32  0xa0000ac0        0x0 build/default/debug/_ext/427700826/icmp.o
 .mdebug.abi32  0xa0000ac0        0x0 build/default/debug/_ext/427700826/icmpv6.o
 .mdebug.abi32  0xa0000ac0        0x0 build/default/debug/_ext/427700826/ipv4.o
 .mdebug.abi32  0xa0000ac0        0x0 build/default/debug/_ext/427700826/ipv6.o
 .mdebug.abi32  0xa0000ac0        0x0 build/default/debug/_ext/427700826/mac_events_pic32.o
 .mdebug.abi32  0xa0000ac0        0x0 build/default/debug/_ext/427700826/nbns.o
 .mdebug.abi32  0xa0000ac0        0x0 build/default/debug/_ext/427700826/ndp.o
 .mdebug.abi32  0xa0000ac0        0x0 build/default/debug/_ext/427700826/tcpip_reboot.o
 .mdebug.abi32  0xa0000ac0        0x0 build/default/debug/_ext/427700826/rsa.o
 .mdebug.abi32  0xa0000ac0        0x0 build/default/debug/_ext/427700826/smtp.o
 .mdebug.abi32  0xa0000ac0        0x0 build/default/debug/_ext/427700826/snmp.o
 .mdebug.abi32  0xa0000ac0        0x0 build/default/debug/_ext/427700826/snmpv3.o
 .mdebug.abi32  0xa0000ac0        0x0 build/default/debug/_ext/427700826/snmpv3_usm.o
 .mdebug.abi32  0xa0000ac0        0x0 build/default/debug/_ext/427700826/sntp.o
 .mdebug.abi32  0xa0000ac0        0x0 build/default/debug/_ext/427700826/ssl.o
 .mdebug.abi32  0xa0000ac0        0x0 build/default/debug/_ext/427700826/tcp.o
 .mdebug.abi32  0xa0000ac0        0x0 build/default/debug/_ext/427700826/tcpip_heap_alloc.o
 .mdebug.abi32  0xa0000ac0        0x0 build/default/debug/_ext/427700826/tcpip_storage.o
 .mdebug.abi32  0xa0000ac0        0x0 build/default/debug/_ext/427700826/telnet.o
 .mdebug.abi32  0xa0000ac0        0x0 build/default/debug/_ext/427700826/tftpc.o
 .mdebug.abi32  0xa0000ac0        0x0 build/default/debug/_ext/427700826/udp.o
 .mdebug.abi32  0xa0000ac0        0x0 build/default/debug/_ext/427700826/tcpip_mac_object.o
 .mdebug.abi32  0xa0000ac0        0x0 build/default/debug/_ext/427700826/tcpip_manager.o
 .mdebug.abi32  0xa0000ac0        0x0 build/default/debug/_ext/427700826/tcpip_helpers.o
 .mdebug.abi32  0xa0000ac0        0x0 build/default/debug/_ext/427700826/tcpip_commands.o
 .mdebug.abi32  0xa0000ac0        0x0 build/default/debug/_ext/427700826/iperf.o
 .mdebug.abi32  0xa0000ac0        0x0 build/default/debug/_ext/427700826/tcpip_notify.o
 .mdebug.abi32  0xa0000ac0        0x0 build/default/debug/_ext/427700826/zero_conf_helper.o
 .mdebug.abi32  0xa0000ac0        0x0 build/default/debug/_ext/427700826/zero_conf_link_local.o
 .mdebug.abi32  0xa0000ac0        0x0 build/default/debug/_ext/427700826/zero_conf_multicast_dns.o
 .mdebug.abi32  0xa0000ac0        0x0 build/default/debug/_ext/334706090/wf_tx_power.o
 .mdebug.abi32  0xa0000ac0        0x0 build/default/debug/_ext/334706090/wf_connect.o
 .mdebug.abi32  0xa0000ac0        0x0 build/default/debug/_ext/334706090/wf_connection_algorithm.o
 .mdebug.abi32  0xa0000ac0        0x0 build/default/debug/_ext/334706090/wf_connection_manager.o
 .mdebug.abi32  0xa0000ac0        0x0 build/default/debug/_ext/334706090/wf_connection_profile.o
 .mdebug.abi32  0xa0000ac0        0x0 build/default/debug/_ext/334706090/wf_easy_config.o
 .mdebug.abi32  0xa0000ac0        0x0 build/default/debug/_ext/334706090/wf_eint.o
 .mdebug.abi32  0xa0000ac0        0x0 build/default/debug/_ext/334706090/wf_event_handler.o
 .mdebug.abi32  0xa0000ac0        0x0 build/default/debug/_ext/334706090/wf_init.o
 .mdebug.abi32  0xa0000ac0        0x0 build/default/debug/_ext/334706090/wf_power_save.o
 .mdebug.abi32  0xa0000ac0        0x0 build/default/debug/_ext/334706090/wf_scan.o
 .mdebug.abi32  0xa0000ac0        0x0 build/default/debug/_ext/334706090/wf_spi.o
 .mdebug.abi32  0xa0000ac0        0x0 build/default/debug/_ext/334706090/mrf24w_mac_pic32.o
 .mdebug.abi32  0xa0000ac0        0x0 build/default/debug/_ext/334706090/mrf24w_events.o
 .mdebug.abi32  0xa0000ac0        0x0 build/default/debug/_ext/334706090/wf_debug_output.o
 .mdebug.abi32  0xa0000ac0        0x0 build/default/debug/_ext/334706090/wf_commands.o
 .mdebug.abi32  0xa0000ac0        0x0 build/default/debug/_ext/334706090/wf_pbkdf2.o
 .mdebug.abi32  0xa0000ac0        0x0 build/default/debug/_ext/334706090/wf_driver_com_24g.o
 .mdebug.abi32  0xa0000ac0        0x0 build/default/debug/_ext/334706090/wf_driver_raw_24g.o
 .mdebug.abi32  0xa0000ac0        0x0 build/default/debug/_ext/334706090/wf_mac_24g.o
 .mdebug.abi32  0xa0000ac0        0x0 build/default/debug/_ext/334706090/wf_mgmt_msg_24g.o
 .mdebug.abi32  0xa0000ac0        0x0 build/default/debug/_ext/334706090/wf_param_msg_24g.o
 .mdebug.abi32  0xa0000ac0        0x0 build/default/debug/_ext/334706090/wf_configData.o
 .mdebug.abi32  0xa0000ac0        0x0 build/default/debug/_ext/1472/main_demo.o
 .mdebug.abi32  0xa0000ac0        0x0 build/default/debug/_ext/1472/custom_snmp_app.o
 .mdebug.abi32  0xa0000ac0        0x0 build/default/debug/_ext/1472/custom_ssl_cert.o
 .mdebug.abi32  0xa0000ac0        0x0 build/default/debug/_ext/1472/mpfs_img2.o
 .mdebug.abi32  0xa0000ac0        0x0 build/default/debug/_ext/1472/wf_config.o
 .mdebug.abi32  0xa0000ac0        0x0 build/default/debug/_ext/1472/custom_http_app.o
 .mdebug.abi32  0xa0000ac0        0x0 c:/program files/microchip/xc32/v1.21/bin/../lib/gcc/pic32mx/4.5.2/../../../../pic32mx/lib/size\libmchp_peripheral.a(open_core_timer_lib.o)
 .mdebug.abi32  0xa0000ac0        0x0 c:/program files/microchip/xc32/v1.21/bin/../lib/gcc/pic32mx/4.5.2/../../../../pic32mx/lib/size\libmchp_peripheral_32MX795F512L.a(eth_ack_packet_lib.o)
 .mdebug.abi32  0xa0000ac0        0x0 c:/program files/microchip/xc32/v1.21/bin/../lib/gcc/pic32mx/4.5.2/../../../../pic32mx/lib/size\libmchp_peripheral_32MX795F512L.a(eth_close_lib.o)
 .mdebug.abi32  0xa0000ac0        0x0 c:/program files/microchip/xc32/v1.21/bin/../lib/gcc/pic32mx/4.5.2/../../../../pic32mx/lib/size\libmchp_peripheral_32MX795F512L.a(eth_descriptors_add_lib.o)
 .mdebug.abi32  0xa0000ac0        0x0 c:/program files/microchip/xc32/v1.21/bin/../lib/gcc/pic32mx/4.5.2/../../../../pic32mx/lib/size\libmchp_peripheral_32MX795F512L.a(eth_descriptors_remove_lib.o)
 .mdebug.abi32  0xa0000ac0        0x0 c:/program files/microchip/xc32/v1.21/bin/../lib/gcc/pic32mx/4.5.2/../../../../pic32mx/lib/size\libmchp_peripheral_32MX795F512L.a(eth_events_lib.o)
 .mdebug.abi32  0xa0000ac0        0x0 c:/program files/microchip/xc32/v1.21/bin/../lib/gcc/pic32mx/4.5.2/../../../../pic32mx/lib/size\libmchp_peripheral_32MX795F512L.a(eth_init_lib.o)
 .mdebug.abi32  0xa0000ac0        0x0 c:/program files/microchip/xc32/v1.21/bin/../lib/gcc/pic32mx/4.5.2/../../../../pic32mx/lib/size\libmchp_peripheral_32MX795F512L.a(eth_mac_open_lib.o)
 .mdebug.abi32  0xa0000ac0        0x0 c:/program files/microchip/xc32/v1.21/bin/../lib/gcc/pic32mx/4.5.2/../../../../pic32mx/lib/size\libmchp_peripheral_32MX795F512L.a(eth_mac_set_address_max_lib.o)
 .mdebug.abi32  0xa0000ac0        0x0 c:/program files/microchip/xc32/v1.21/bin/../lib/gcc/pic32mx/4.5.2/../../../../pic32mx/lib/size\libmchp_peripheral_32MX795F512L.a(eth_rx_buffers_append_lib.o)
 .mdebug.abi32  0xa0000ac0        0x0 c:/program files/microchip/xc32/v1.21/bin/../lib/gcc/pic32mx/4.5.2/../../../../pic32mx/lib/size\libmchp_peripheral_32MX795F512L.a(eth_rx_filters_lib.o)
 .mdebug.abi32  0xa0000ac0        0x0 c:/program files/microchip/xc32/v1.21/bin/../lib/gcc/pic32mx/4.5.2/../../../../pic32mx/lib/size\libmchp_peripheral_32MX795F512L.a(eth_rx_get_packet_lib.o)
 .mdebug.abi32  0xa0000ac0        0x0 c:/program files/microchip/xc32/v1.21/bin/../lib/gcc/pic32mx/4.5.2/../../../../pic32mx/lib/size\libmchp_peripheral_32MX795F512L.a(eth_rx_set_buffer_size_lib.o)
 .mdebug.abi32  0xa0000ac0        0x0 c:/program files/microchip/xc32/v1.21/bin/../lib/gcc/pic32mx/4.5.2/../../../../pic32mx/lib/size\libmchp_peripheral_32MX795F512L.a(eth_tx_packet_lib.o)
 .mdebug.abi32  0xa0000ac0        0x0 c:/program files/microchip/xc32/v1.21/bin/../lib/gcc/pic32mx/4.5.2/../../../../pic32mx/lib/size\libmchp_peripheral_32MX795F512L.a(_eth_append_busy_list_lib.o)
 .mdebug.abi32  0xa0000ac0        0x0 c:/program files/microchip/xc32/v1.21/bin/../lib/gcc/pic32mx/4.5.2/../../../../pic32mx/lib/size\libmchp_peripheral_32MX795F512L.a(eth_miim_access.o)
 .mdebug.abi32  0xa0000ac0        0x0 c:/program files/microchip/xc32/v1.21/bin/../lib/gcc/pic32mx/4.5.2/../../../../pic32mx/lib/size\libmchp_peripheral_32MX795F512L.a(soft_reset_lib.o)
 .mdebug.abi32  0xa0000ac0        0x0 c:/program files/microchip/xc32/v1.21/bin/../lib/gcc/pic32mx/4.5.2/../../../../pic32mx/lib/size\libmchp_peripheral_32MX795F512L.a(pcache.o)
 .mdebug.abi32  0xa0000ac0        0x0 c:/program files/microchip/xc32/v1.21/bin/../lib/gcc/pic32mx/4.5.2/../../../../pic32mx/lib/size\libmchp_peripheral_32MX795F512L.a(int_disable_interrupts_lib.o)
 .mdebug.abi32  0xa0000ac0        0x0 c:/program files/microchip/xc32/v1.21/bin/../lib/gcc/pic32mx/4.5.2/../../../../pic32mx/lib/size\libmchp_peripheral_32MX795F512L.a(int_restore_interrupts_lib.o)
 .mdebug.abi32  0xa0000ac0        0x0 c:/program files/microchip/xc32/v1.21/bin/../lib/gcc/pic32mx/4.5.2/../../../../pic32mx/lib/size\libmchp_peripheral_32MX795F512L.a(int_enable_mv_int_lib.o)
 .mdebug.abi32  0xa0000ac0        0x0 c:/program files/microchip/xc32/v1.21/bin/../lib/gcc/pic32mx/4.5.2/../../../../pic32mx/lib/size\libmchp_peripheral_32MX795F512L.a(int_tbl_lib.o)
 .mdebug.abi32  0xa0000ac0        0x0 c:/program files/microchip/xc32/v1.21/bin/../lib/gcc/pic32mx/4.5.2/../../../../pic32mx/lib/size\libmchp_peripheral_32MX795F512L.a(rtcc_init_lib.o)
 .mdebug.abi32  0xa0000ac0        0x0 c:/program files/microchip/xc32/v1.21/bin/../lib/gcc/pic32mx/4.5.2/../../../../pic32mx/lib/size\libmchp_peripheral_32MX795F512L.a(rtcc_open_lib.o)
 .mdebug.abi32  0xa0000ac0        0x0 c:/program files/microchip/xc32/v1.21/bin/../lib/gcc/pic32mx/4.5.2/../../../../pic32mx/lib/size\libmchp_peripheral_32MX795F512L.a(spi_chn_data_rdy_lib.o)
 .mdebug.abi32  0xa0000ac0        0x0 c:/program files/microchip/xc32/v1.21/bin/../lib/gcc/pic32mx/4.5.2/../../../../pic32mx/lib/size\libmchp_peripheral_32MX795F512L.a(spi_chn_getc_lib.o)
 .mdebug.abi32  0xa0000ac0        0x0 c:/program files/microchip/xc32/v1.21/bin/../lib/gcc/pic32mx/4.5.2/../../../../pic32mx/lib/size\libmchp_peripheral_32MX795F512L.a(spi_chn_open_lib.o)
 .mdebug.abi32  0xa0000ac0        0x0 c:/program files/microchip/xc32/v1.21/bin/../lib/gcc/pic32mx/4.5.2/../../../../pic32mx/lib/size\libmchp_peripheral_32MX795F512L.a(spi_chn_putc_lib.o)
 .mdebug.abi32  0xa0000ac0        0x0 c:/program files/microchip/xc32/v1.21/bin/../lib/gcc/pic32mx/4.5.2/../../../../pic32mx/lib/size\libmchp_peripheral_32MX795F512L.a(spi_chn_tx_buff_empty_lib.o)
 .mdebug.abi32  0xa0000ac0        0x0 c:/program files/microchip/xc32/v1.21/bin/../lib/gcc/pic32mx/4.5.2/../../../../pic32mx/lib/size\libmchp_peripheral_32MX795F512L.a(spi_io_tbl_libp.o)
 .mdebug.abi32  0xa0000ac0        0x0 c:/program files/microchip/xc32/v1.21/bin/../lib/gcc/pic32mx/4.5.2/../../../../pic32mx/lib/size\libmchp_peripheral_32MX795F512L.a(spi_map_tbl_libp.o)
 .mdebug.abi32  0xa0000ac0        0x0 c:/program files/microchip/xc32/v1.21/bin/../lib/gcc/pic32mx/4.5.2/../../../../pic32mx/lib/size\libmchp_peripheral_32MX795F512L.a(port_set_pins_digital_in_lib.o)
 .mdebug.abi32  0xa0000ac0        0x0 c:/program files/microchip/xc32/v1.21/bin/../lib/gcc/pic32mx/4.5.2/../../../../pic32mx/lib/size\libmchp_peripheral_32MX795F512L.a(port_set_pins_digital_out_lib.o)
 .mdebug.abi32  0xa0000ac0        0x0 c:/program files/microchip/xc32/v1.21/bin/../lib/gcc/pic32mx/4.5.2/../../../../pic32mx/lib/size\libmchp_peripheral_32MX795F512L.a(_ports_tbl_libp.o)
 .mdebug.abi32  0xa0000ac0        0x0 c:/program files/microchip/xc32/v1.21/bin/../lib/gcc/pic32mx/4.5.2/../../../../pic32mx/lib/size\libmchp_peripheral_32MX795F512L.a(int_enable_interrupts_lib.o)
 .mdebug.abi32  0xa0000ac0        0x0 c:/program files/microchip/xc32/v1.21/bin/../lib/gcc/pic32mx/4.5.2/../../../../pic32mx/lib/size\libmchp_peripheral_32MX795F512L.a(_rtcc_wait_clock_off_lib.o)
 .mdebug.abi32  0xa0000ac0        0x0 c:/program files/microchip/xc32/v1.21/bin/../lib/gcc/pic32mx/4.5.2/../../../../pic32mx/lib/size\libmchp_peripheral_32MX795F512L.a(read_core_timer_lib.o)
 .mdebug.abi32  0xa0000ac0        0x0 c:/program files/microchip/xc32/v1.21/bin/../lib/gcc/pic32mx/4.5.2/size\libgcc.a(_udivdi3.o)
 .mdebug.abi32  0xa0000ac0        0x0 c:/program files/microchip/xc32/v1.21/bin/../lib/gcc/pic32mx/4.5.2/size\libgcc.a(floatunsisf.o)
 .mdebug.abi32  0xa0000ac0        0x0 c:/program files/microchip/xc32/v1.21/bin/../lib/gcc/pic32mx/4.5.2/../../../../pic32mx/lib/size\libpic32.a(default-bootstrap-exception-handler.o)
 .mdebug.abi32  0xa0000ac0        0x0 c:/program files/microchip/xc32/v1.21/bin/../lib/gcc/pic32mx/4.5.2/../../../../pic32mx/lib/size\libpic32.a(default-on-reset.o)
 .mdebug.abi32  0xa0000ac0        0x0 c:/program files/microchip/xc32/v1.21/bin/../lib/gcc/pic32mx/4.5.2/../../../../pic32mx/lib/size\libpic32.a(default-on-bootstrap.o)
 .mdebug.abi32  0xa0000ac0        0x0 c:/program files/microchip/xc32/v1.21/bin/../lib/gcc/pic32mx/4.5.2/../../../../pic32mx/lib/size\libpic32.a(errno.o)
 .mdebug.abi32  0xa0000ac0        0x0 c:/program files/microchip/xc32/v1.21/bin/../lib/gcc/pic32mx/4.5.2/../../../../pic32mx/lib/size\libpic32.a(defaultinterrupt.o)
 .mdebug.abi32  0xa0000ac0        0x0 c:/program files/microchip/xc32/v1.21/bin/../lib/gcc/pic32mx/4.5.2/../../../../pic32mx/lib/size\libdebug.a(db_utils.o)
 .mdebug.abi32  0xa0000ac0        0x0 c:/program files/microchip/xc32/v1.21/bin/../lib/gcc/pic32mx/4.5.2/../../../../pic32mx/lib/size\libpic32.a(xc32_uart.o)
 .mdebug.abi32  0xa0000ac0        0x0 c:/program files/microchip/xc32/v1.21/bin/../lib/gcc/pic32mx/4.5.2/../../../../pic32mx/lib/size\libc.a(_iob.o)
 .mdebug.abi32  0xa0000ac0        0x0 c:/program files/microchip/xc32/v1.21/bin/../lib/gcc/pic32mx/4.5.2/../../../../pic32mx/lib/size\libc.a(atoi.o)
 .mdebug.abi32  0xa0000ac0        0x0 c:/program files/microchip/xc32/v1.21/bin/../lib/gcc/pic32mx/4.5.2/../../../../pic32mx/lib/size\libc.a(atol.o)
 .mdebug.abi32  0xa0000ac0        0x0 c:/program files/microchip/xc32/v1.21/bin/../lib/gcc/pic32mx/4.5.2/../../../../pic32mx/lib/size\libc.a(calloc.o)
 .mdebug.abi32  0xa0000ac0        0x0 c:/program files/microchip/xc32/v1.21/bin/../lib/gcc/pic32mx/4.5.2/../../../../pic32mx/lib/size\libc.a(ctype.o)
 .mdebug.abi32  0xa0000ac0        0x0 c:/program files/microchip/xc32/v1.21/bin/../lib/gcc/pic32mx/4.5.2/../../../../pic32mx/lib/size\libc.a(malloc.o)
 .mdebug.abi32  0xa0000ac0        0x0 c:/program files/microchip/xc32/v1.21/bin/../lib/gcc/pic32mx/4.5.2/../../../../pic32mx/lib/size\libc.a(rand.o)
 .mdebug.abi32  0xa0000ac0        0x0 c:/program files/microchip/xc32/v1.21/bin/../lib/gcc/pic32mx/4.5.2/../../../../pic32mx/lib/size\libc.a(setbuf.o)
 .mdebug.abi32  0xa0000ac0        0x0 c:/program files/microchip/xc32/v1.21/bin/../lib/gcc/pic32mx/4.5.2/../../../../pic32mx/lib/size\libc.a(strcat.o)
 .mdebug.abi32  0xa0000ac0        0x0 c:/program files/microchip/xc32/v1.21/bin/../lib/gcc/pic32mx/4.5.2/../../../../pic32mx/lib/size\libc.a(strchr.o)
 .mdebug.abi32  0xa0000ac0        0x0 c:/program files/microchip/xc32/v1.21/bin/../lib/gcc/pic32mx/4.5.2/../../../../pic32mx/lib/size\libc.a(strncmp.o)
 .mdebug.abi32  0xa0000ac0        0x0 c:/program files/microchip/xc32/v1.21/bin/../lib/gcc/pic32mx/4.5.2/../../../../pic32mx/lib/size\libc.a(strncpy.o)
 .mdebug.abi32  0xa0000ac0        0x0 c:/program files/microchip/xc32/v1.21/bin/../lib/gcc/pic32mx/4.5.2/../../../../pic32mx/lib/size\libc.a(strrchr.o)
 .mdebug.abi32  0xa0000ac0        0x0 c:/program files/microchip/xc32/v1.21/bin/../lib/gcc/pic32mx/4.5.2/../../../../pic32mx/lib/size\libc.a(strstr.o)
 .mdebug.abi32  0xa0000ac0        0x0 c:/program files/microchip/xc32/v1.21/bin/../lib/gcc/pic32mx/4.5.2/../../../../pic32mx/lib/size\libc.a(strtok.o)
 .mdebug.abi32  0xa0000ac0        0x0 c:/program files/microchip/xc32/v1.21/bin/../lib/gcc/pic32mx/4.5.2/../../../../pic32mx/lib/size\libc.a(snprintf_cdnopsuxX.eo)
 .mdebug.abi32  0xa0000ac0        0x0 c:/program files/microchip/xc32/v1.21/bin/../lib/gcc/pic32mx/4.5.2/../../../../pic32mx/lib/size\libc.a(sprintf_cdnopsuxX.eo)
 .mdebug.abi32  0xa0000ac0        0x0 c:/program files/microchip/xc32/v1.21/bin/../lib/gcc/pic32mx/4.5.2/../../../../pic32mx/lib/size\libc.a(vsnprintf_cdnopsuxX.eo)
 .mdebug.abi32  0xa0000ac0        0x0 c:/program files/microchip/xc32/v1.21/bin/../lib/gcc/pic32mx/4.5.2/../../../../pic32mx/lib/size\libc.a(vsnprintf.o)
 .mdebug.abi32  0xa0000ac0        0x0 c:/program files/microchip/xc32/v1.21/bin/../lib/gcc/pic32mx/4.5.2/../../../../pic32mx/lib/size\libc.a(buf.o)
 .mdebug.abi32  0xa0000ac0        0x0 c:/program files/microchip/xc32/v1.21/bin/../lib/gcc/pic32mx/4.5.2/../../../../pic32mx/lib/size\libc.a(strcspn.o)
 .mdebug.abi32  0xa0000ac0        0x0 c:/program files/microchip/xc32/v1.21/bin/../lib/gcc/pic32mx/4.5.2/../../../../pic32mx/lib/size\libc.a(strspn.o)
 .mdebug.abi32  0xa0000ac0        0x0 c:/program files/microchip/xc32/v1.21/bin/../lib/gcc/pic32mx/4.5.2/../../../../pic32mx/lib/size\libc.a(doprnt_cdnopsuxX.eo)
 .mdebug.abi32  0xa0000ac0        0x0 c:/program files/microchip/xc32/v1.21/bin/../lib/gcc/pic32mx/4.5.2/../../../../pic32mx/lib/size\libc.a(doprnt.o)
 .mdebug.abi32  0xa0000ac0        0x0 c:/program files/microchip/xc32/v1.21/bin/../lib/gcc/pic32mx/4.5.2/../../../../pic32mx/lib/size\libc.a(_fputc_simple.o)
 .mdebug.abi32  0xa0000ac0        0x0 c:/program files/microchip/xc32/v1.21/bin/../lib/gcc/pic32mx/4.5.2/../../../../pic32mx/lib/size\libc.a(powersf.o)
 .mdebug.abi32  0xa0000ac0        0x0 c:/program files/microchip/xc32/v1.21/bin/../lib/gcc/pic32mx/4.5.2/../../../../pic32mx/lib/size\libc.a(_flsbuf_simple.o)
 .mdebug.abi32  0xa0000ac0        0x0 c:/program files/microchip/xc32/v1.21/bin/../lib/gcc/pic32mx/4.5.2/../../../../pic32mx/lib/size\libpic32.a(sbrk.o)
 .mdebug.abi32  0xa0000ac0        0x0 c:/program files/microchip/xc32/v1.21/bin/../lib/gcc/pic32mx/4.5.2/../../../../pic32mx/lib/size\libpic32.a(write.o)
 .mdebug.abi32  0xa0000ac0        0x0 c:/program files/microchip/xc32/v1.21/bin/../lib/gcc/pic32mx/4.5.2/../../../../pic32mx/lib/size\libe.a(_floatdisf.o)
 .mdebug.abi32  0xa0000ac0        0x0 c:/program files/microchip/xc32/v1.21/bin/../lib/gcc/pic32mx/4.5.2/size\libgcc.a(_lshrdi3.o)
 .mdebug.abi32  0xa0000ac0        0x0 c:/program files/microchip/xc32/v1.21/bin/../lib/gcc/pic32mx/4.5.2/size\libgcc.a(_floatundisf.o)
 .mdebug.abi32  0xa0000ac0        0x0 c:/program files/microchip/xc32/v1.21/bin/../lib/gcc/pic32mx/4.5.2/size\libgcc.a(_umoddi3.o)

.mdebug.abiN32
 *(.mdebug.abiN32)

.mdebug.abi64
 *(.mdebug.abi64)

.mdebug.abiO64
 *(.mdebug.abiO64)

.mdebug.eabi32
 *(.mdebug.eabi32)

.mdebug.eabi64
 *(.mdebug.eabi64)

.gcc_compiled_long32
 *(.gcc_compiled_long32)

.gcc_compiled_long64
 *(.gcc_compiled_long64)

.stab
 *(.stab)

.stabstr
 *(.stabstr)

.stab.excl
 *(.stab.excl)

.stab.exclstr
 *(.stab.exclstr)

.stab.index
 *(.stab.index)

.stab.indexstr
 *(.stab.indexstr)

.comment        0x00000000      0x266
 *(.comment)
 .comment       0x00000000       0x3c build/default/debug/_ext/979510709/bsp.o
                                 0x3d (size before relaxing)
 .comment       0x00000000       0x3d build/default/debug/_ext/101875047/lfsr.o
 .comment       0x00000000       0x3d build/default/debug/_ext/101875047/hashes.o
 .comment       0x00000000       0x3d build/default/debug/_ext/101875047/big_int.o
 .comment       0x00000000       0x3d build/default/debug/_ext/101875047/helpers.o
 .comment       0x00000000       0x3d build/default/debug/_ext/1472/berkeley_tcp_client_demo.o
 .comment       0x00000000       0x3d build/default/debug/_ext/1472/berkeley_tcp_server_demo.o
 .comment       0x00000000       0x3d build/default/debug/_ext/1472/berkeley_udp_client_demo.o
 .comment       0x00000000       0x3d build/default/debug/_ext/1472/generic_tcp_client.o
 .comment       0x00000000       0x3d build/default/debug/_ext/1472/generic_tcp_server.o
 .comment       0x00000000       0x3d build/default/debug/_ext/1472/ping_demo.o
 .comment       0x00000000       0x3d build/default/debug/_ext/1472/smtp_demo.o
 .comment       0x00000000       0x3d build/default/debug/_ext/365611741/system_services.o
 .comment       0x00000000       0x3d build/default/debug/_ext/365611741/system_debug.o
 .comment       0x00000000       0x3d build/default/debug/_ext/365611741/system_random.o
 .comment       0x00000000       0x3d build/default/debug/_ext/365611741/system_command.o
 .comment       0x00000000       0x3d build/default/debug/_ext/365611741/system_userio.o
 .comment       0x00000000       0x3d build/default/debug/_ext/97638081/sys_fs.o
 .comment       0x00000000       0x3d build/default/debug/_ext/97638081/mpfs2.o
 .comment       0x00000000       0x3d build/default/debug/_ext/792872985/usart.o
 .comment       0x00000000       0x3d build/default/debug/_ext/792872985/lcd.o
 .comment       0x00000000       0x3d build/default/debug/_ext/792872985/drv_spi.o
 .comment       0x00000000       0x3d build/default/debug/_ext/792872985/db_appio.o
 .comment       0x00000000       0x3d build/default/debug/_ext/792872985/spi_ram.o
 .comment       0x00000000       0x3d build/default/debug/_ext/792872985/spi_eeprom.o
 .comment       0x00000000       0x3d build/default/debug/_ext/792872985/spi_flash.o
 .comment       0x00000000       0x3d build/default/debug/_ext/792872985/drv_media.o
 .comment       0x00000000       0x3d build/default/debug/_ext/427700826/tcpip_announce.o
 .comment       0x00000000       0x3d build/default/debug/_ext/427700826/http2.o
 .comment       0x00000000       0x3d build/default/debug/_ext/427700826/arcfour.o
 .comment       0x00000000       0x3d build/default/debug/_ext/427700826/arp.o
 .comment       0x00000000       0x3d build/default/debug/_ext/427700826/berkeley_api.o
 .comment       0x00000000       0x3d build/default/debug/_ext/427700826/dhcp.o
 .comment       0x00000000       0x3d build/default/debug/_ext/427700826/dhcps.o
 .comment       0x00000000       0x3d build/default/debug/_ext/427700826/dns.o
 .comment       0x00000000       0x3d build/default/debug/_ext/427700826/dnss.o
 .comment       0x00000000       0x3d build/default/debug/_ext/427700826/dyn_dns.o
 .comment       0x00000000       0x3d build/default/debug/_ext/427700826/enc28_mac.o
 .comment       0x00000000       0x3d build/default/debug/_ext/427700826/enc28j60.o
 .comment       0x00000000       0x3d build/default/debug/_ext/427700826/encs24j600.o
 .comment       0x00000000       0x3d build/default/debug/_ext/427700826/encx24_mac.o
 .comment       0x00000000       0x3d build/default/debug/_ext/427700826/eth_pic32_ext_phy.o
 .comment       0x00000000       0x3d build/default/debug/_ext/427700826/eth_pic32_ext_phy_dp83848.o
 .comment       0x00000000       0x3d build/default/debug/_ext/427700826/eth_pic32_int_mac.o
 .comment       0x00000000       0x3d build/default/debug/_ext/427700826/ftp.o
 .comment       0x00000000       0x3d build/default/debug/_ext/427700826/hash_fnv.o
 .comment       0x00000000       0x3d build/default/debug/_ext/427700826/hash_tbl.o
 .comment       0x00000000       0x3d build/default/debug/_ext/427700826/icmp.o
 .comment       0x00000000       0x3d build/default/debug/_ext/427700826/icmpv6.o
 .comment       0x00000000       0x3d build/default/debug/_ext/427700826/ipv4.o
 .comment       0x00000000       0x3d build/default/debug/_ext/427700826/ipv6.o
 .comment       0x00000000       0x3d build/default/debug/_ext/427700826/mac_events_pic32.o
 .comment       0x00000000       0x3d build/default/debug/_ext/427700826/nbns.o
 .comment       0x00000000       0x3d build/default/debug/_ext/427700826/ndp.o
 .comment       0x00000000       0x3d build/default/debug/_ext/427700826/tcpip_reboot.o
 .comment       0x00000000       0x3d build/default/debug/_ext/427700826/rsa.o
 .comment       0x00000000       0x3d build/default/debug/_ext/427700826/smtp.o
 .comment       0x00000000       0x3d build/default/debug/_ext/427700826/snmp.o
 .comment       0x00000000       0x3d build/default/debug/_ext/427700826/snmpv3.o
 .comment       0x00000000       0x3d build/default/debug/_ext/427700826/snmpv3_usm.o
 .comment       0x00000000       0x3d build/default/debug/_ext/427700826/sntp.o
 .comment       0x00000000       0x3d build/default/debug/_ext/427700826/ssl.o
 .comment       0x00000000       0x3d build/default/debug/_ext/427700826/tcp.o
 .comment       0x00000000       0x3d build/default/debug/_ext/427700826/tcpip_heap_alloc.o
 .comment       0x00000000       0x3d build/default/debug/_ext/427700826/tcpip_storage.o
 .comment       0x00000000       0x3d build/default/debug/_ext/427700826/telnet.o
 .comment       0x00000000       0x3d build/default/debug/_ext/427700826/tftpc.o
 .comment       0x00000000       0x3d build/default/debug/_ext/427700826/udp.o
 .comment       0x00000000       0x3d build/default/debug/_ext/427700826/tcpip_mac_object.o
 .comment       0x00000000       0x3d build/default/debug/_ext/427700826/tcpip_manager.o
 .comment       0x00000000       0x3d build/default/debug/_ext/427700826/tcpip_helpers.o
 .comment       0x00000000       0x3d build/default/debug/_ext/427700826/tcpip_commands.o
 .comment       0x00000000       0x3d build/default/debug/_ext/427700826/iperf.o
 .comment       0x00000000       0x3d build/default/debug/_ext/427700826/tcpip_notify.o
 .comment       0x00000000       0x3d build/default/debug/_ext/427700826/zero_conf_helper.o
 .comment       0x00000000       0x3d build/default/debug/_ext/427700826/zero_conf_link_local.o
 .comment       0x00000000       0x3d build/default/debug/_ext/427700826/zero_conf_multicast_dns.o
 .comment       0x00000000       0x3d build/default/debug/_ext/334706090/wf_tx_power.o
 .comment       0x00000000       0x3d build/default/debug/_ext/334706090/wf_connect.o
 .comment       0x00000000       0x3d build/default/debug/_ext/334706090/wf_connection_algorithm.o
 .comment       0x00000000       0x3d build/default/debug/_ext/334706090/wf_connection_manager.o
 .comment       0x00000000       0x3d build/default/debug/_ext/334706090/wf_connection_profile.o
 .comment       0x00000000       0x3d build/default/debug/_ext/334706090/wf_easy_config.o
 .comment       0x00000000       0x3d build/default/debug/_ext/334706090/wf_eint.o
 .comment       0x00000000       0x3d build/default/debug/_ext/334706090/wf_event_handler.o
 .comment       0x00000000       0x3d build/default/debug/_ext/334706090/wf_init.o
 .comment       0x00000000       0x3d build/default/debug/_ext/334706090/wf_power_save.o
 .comment       0x00000000       0x3d build/default/debug/_ext/334706090/wf_scan.o
 .comment       0x00000000       0x3d build/default/debug/_ext/334706090/wf_spi.o
 .comment       0x00000000       0x3d build/default/debug/_ext/334706090/mrf24w_mac_pic32.o
 .comment       0x00000000       0x3d build/default/debug/_ext/334706090/mrf24w_events.o
 .comment       0x00000000       0x3d build/default/debug/_ext/334706090/wf_debug_output.o
 .comment       0x00000000       0x3d build/default/debug/_ext/334706090/wf_commands.o
 .comment       0x00000000       0x3d build/default/debug/_ext/334706090/wf_pbkdf2.o
 .comment       0x00000000       0x3d build/default/debug/_ext/334706090/wf_driver_com_24g.o
 .comment       0x00000000       0x3d build/default/debug/_ext/334706090/wf_driver_raw_24g.o
 .comment       0x00000000       0x3d build/default/debug/_ext/334706090/wf_mac_24g.o
 .comment       0x00000000       0x3d build/default/debug/_ext/334706090/wf_mgmt_msg_24g.o
 .comment       0x00000000       0x3d build/default/debug/_ext/334706090/wf_param_msg_24g.o
 .comment       0x00000000       0x3d build/default/debug/_ext/334706090/wf_configData.o
 .comment       0x00000000       0x3d build/default/debug/_ext/1472/main_demo.o
 .comment       0x00000000       0x3d build/default/debug/_ext/1472/custom_snmp_app.o
 .comment       0x00000000       0x3d build/default/debug/_ext/1472/custom_ssl_cert.o
 .comment       0x00000000       0x3d build/default/debug/_ext/1472/mpfs_img2.o
 .comment       0x00000000       0x3d build/default/debug/_ext/1472/wf_config.o
 .comment       0x00000000       0x3d build/default/debug/_ext/1472/custom_http_app.o
 .comment       0x0000003c       0x3c c:/program files/microchip/xc32/v1.21/bin/../lib/gcc/pic32mx/4.5.2/../../../../pic32mx/lib/size\libmchp_peripheral.a(open_core_timer_lib.o)
                                 0x3d (size before relaxing)
 .comment       0x00000000       0x3d c:/program files/microchip/xc32/v1.21/bin/../lib/gcc/pic32mx/4.5.2/../../../../pic32mx/lib/size\libmchp_peripheral_32MX795F512L.a(eth_ack_packet_lib.o)
 .comment       0x00000000       0x3d c:/program files/microchip/xc32/v1.21/bin/../lib/gcc/pic32mx/4.5.2/../../../../pic32mx/lib/size\libmchp_peripheral_32MX795F512L.a(eth_close_lib.o)
 .comment       0x00000000       0x3d c:/program files/microchip/xc32/v1.21/bin/../lib/gcc/pic32mx/4.5.2/../../../../pic32mx/lib/size\libmchp_peripheral_32MX795F512L.a(eth_descriptors_add_lib.o)
 .comment       0x00000000       0x3d c:/program files/microchip/xc32/v1.21/bin/../lib/gcc/pic32mx/4.5.2/../../../../pic32mx/lib/size\libmchp_peripheral_32MX795F512L.a(eth_descriptors_remove_lib.o)
 .comment       0x00000000       0x3d c:/program files/microchip/xc32/v1.21/bin/../lib/gcc/pic32mx/4.5.2/../../../../pic32mx/lib/size\libmchp_peripheral_32MX795F512L.a(eth_events_lib.o)
 .comment       0x00000000       0x3d c:/program files/microchip/xc32/v1.21/bin/../lib/gcc/pic32mx/4.5.2/../../../../pic32mx/lib/size\libmchp_peripheral_32MX795F512L.a(eth_init_lib.o)
 .comment       0x00000000       0x3d c:/program files/microchip/xc32/v1.21/bin/../lib/gcc/pic32mx/4.5.2/../../../../pic32mx/lib/size\libmchp_peripheral_32MX795F512L.a(eth_mac_open_lib.o)
 .comment       0x00000000       0x3d c:/program files/microchip/xc32/v1.21/bin/../lib/gcc/pic32mx/4.5.2/../../../../pic32mx/lib/size\libmchp_peripheral_32MX795F512L.a(eth_mac_set_address_max_lib.o)
 .comment       0x00000000       0x3d c:/program files/microchip/xc32/v1.21/bin/../lib/gcc/pic32mx/4.5.2/../../../../pic32mx/lib/size\libmchp_peripheral_32MX795F512L.a(eth_rx_buffers_append_lib.o)
 .comment       0x00000000       0x3d c:/program files/microchip/xc32/v1.21/bin/../lib/gcc/pic32mx/4.5.2/../../../../pic32mx/lib/size\libmchp_peripheral_32MX795F512L.a(eth_rx_filters_lib.o)
 .comment       0x00000000       0x3d c:/program files/microchip/xc32/v1.21/bin/../lib/gcc/pic32mx/4.5.2/../../../../pic32mx/lib/size\libmchp_peripheral_32MX795F512L.a(eth_rx_get_packet_lib.o)
 .comment       0x00000000       0x3d c:/program files/microchip/xc32/v1.21/bin/../lib/gcc/pic32mx/4.5.2/../../../../pic32mx/lib/size\libmchp_peripheral_32MX795F512L.a(eth_rx_set_buffer_size_lib.o)
 .comment       0x00000000       0x3d c:/program files/microchip/xc32/v1.21/bin/../lib/gcc/pic32mx/4.5.2/../../../../pic32mx/lib/size\libmchp_peripheral_32MX795F512L.a(eth_tx_packet_lib.o)
 .comment       0x00000000       0x3d c:/program files/microchip/xc32/v1.21/bin/../lib/gcc/pic32mx/4.5.2/../../../../pic32mx/lib/size\libmchp_peripheral_32MX795F512L.a(_eth_append_busy_list_lib.o)
 .comment       0x00000000       0x3d c:/program files/microchip/xc32/v1.21/bin/../lib/gcc/pic32mx/4.5.2/../../../../pic32mx/lib/size\libmchp_peripheral_32MX795F512L.a(eth_miim_access.o)
 .comment       0x00000000       0x3d c:/program files/microchip/xc32/v1.21/bin/../lib/gcc/pic32mx/4.5.2/../../../../pic32mx/lib/size\libmchp_peripheral_32MX795F512L.a(soft_reset_lib.o)
 .comment       0x00000000       0x3d c:/program files/microchip/xc32/v1.21/bin/../lib/gcc/pic32mx/4.5.2/../../../../pic32mx/lib/size\libmchp_peripheral_32MX795F512L.a(pcache.o)
 .comment       0x00000000       0x3d c:/program files/microchip/xc32/v1.21/bin/../lib/gcc/pic32mx/4.5.2/../../../../pic32mx/lib/size\libmchp_peripheral_32MX795F512L.a(int_disable_interrupts_lib.o)
 .comment       0x00000000       0x3d c:/program files/microchip/xc32/v1.21/bin/../lib/gcc/pic32mx/4.5.2/../../../../pic32mx/lib/size\libmchp_peripheral_32MX795F512L.a(int_restore_interrupts_lib.o)
 .comment       0x00000000       0x3d c:/program files/microchip/xc32/v1.21/bin/../lib/gcc/pic32mx/4.5.2/../../../../pic32mx/lib/size\libmchp_peripheral_32MX795F512L.a(int_enable_mv_int_lib.o)
 .comment       0x00000000       0x3d c:/program files/microchip/xc32/v1.21/bin/../lib/gcc/pic32mx/4.5.2/../../../../pic32mx/lib/size\libmchp_peripheral_32MX795F512L.a(int_tbl_lib.o)
 .comment       0x00000000       0x3d c:/program files/microchip/xc32/v1.21/bin/../lib/gcc/pic32mx/4.5.2/../../../../pic32mx/lib/size\libmchp_peripheral_32MX795F512L.a(rtcc_init_lib.o)
 .comment       0x00000000       0x3d c:/program files/microchip/xc32/v1.21/bin/../lib/gcc/pic32mx/4.5.2/../../../../pic32mx/lib/size\libmchp_peripheral_32MX795F512L.a(rtcc_open_lib.o)
 .comment       0x00000000       0x3d c:/program files/microchip/xc32/v1.21/bin/../lib/gcc/pic32mx/4.5.2/../../../../pic32mx/lib/size\libmchp_peripheral_32MX795F512L.a(spi_chn_data_rdy_lib.o)
 .comment       0x00000000       0x3d c:/program files/microchip/xc32/v1.21/bin/../lib/gcc/pic32mx/4.5.2/../../../../pic32mx/lib/size\libmchp_peripheral_32MX795F512L.a(spi_chn_getc_lib.o)
 .comment       0x00000000       0x3d c:/program files/microchip/xc32/v1.21/bin/../lib/gcc/pic32mx/4.5.2/../../../../pic32mx/lib/size\libmchp_peripheral_32MX795F512L.a(spi_chn_open_lib.o)
 .comment       0x00000000       0x3d c:/program files/microchip/xc32/v1.21/bin/../lib/gcc/pic32mx/4.5.2/../../../../pic32mx/lib/size\libmchp_peripheral_32MX795F512L.a(spi_chn_putc_lib.o)
 .comment       0x00000000       0x3d c:/program files/microchip/xc32/v1.21/bin/../lib/gcc/pic32mx/4.5.2/../../../../pic32mx/lib/size\libmchp_peripheral_32MX795F512L.a(spi_chn_tx_buff_empty_lib.o)
 .comment       0x00000000       0x3d c:/program files/microchip/xc32/v1.21/bin/../lib/gcc/pic32mx/4.5.2/../../../../pic32mx/lib/size\libmchp_peripheral_32MX795F512L.a(spi_io_tbl_libp.o)
 .comment       0x00000000       0x3d c:/program files/microchip/xc32/v1.21/bin/../lib/gcc/pic32mx/4.5.2/../../../../pic32mx/lib/size\libmchp_peripheral_32MX795F512L.a(spi_map_tbl_libp.o)
 .comment       0x00000000       0x3d c:/program files/microchip/xc32/v1.21/bin/../lib/gcc/pic32mx/4.5.2/../../../../pic32mx/lib/size\libmchp_peripheral_32MX795F512L.a(port_set_pins_digital_in_lib.o)
 .comment       0x00000000       0x3d c:/program files/microchip/xc32/v1.21/bin/../lib/gcc/pic32mx/4.5.2/../../../../pic32mx/lib/size\libmchp_peripheral_32MX795F512L.a(port_set_pins_digital_out_lib.o)
 .comment       0x00000000       0x3d c:/program files/microchip/xc32/v1.21/bin/../lib/gcc/pic32mx/4.5.2/../../../../pic32mx/lib/size\libmchp_peripheral_32MX795F512L.a(_ports_tbl_libp.o)
 .comment       0x00000000       0x3d c:/program files/microchip/xc32/v1.21/bin/../lib/gcc/pic32mx/4.5.2/../../../../pic32mx/lib/size\libmchp_peripheral_32MX795F512L.a(int_enable_interrupts_lib.o)
 .comment       0x00000000       0x3d c:/program files/microchip/xc32/v1.21/bin/../lib/gcc/pic32mx/4.5.2/../../../../pic32mx/lib/size\libmchp_peripheral_32MX795F512L.a(_rtcc_wait_clock_off_lib.o)